Archive member included to satisfy reference by file (symbol)

c:/mounriver/mounriver_studio/toolchain/risc-v embedded gcc/bin/../lib/gcc/riscv-none-embed/8.2.0/rv32imacxw/ilp32\libgcc.a(save-restore.o)
                              ./User/main.o (__riscv_save_8)
c:/mounriver/mounriver_studio/toolchain/risc-v embedded gcc/bin/../lib/gcc/riscv-none-embed/8.2.0/../../../../riscv-none-embed/lib/rv32imacxw/ilp32\libg_nano.a(lib_a-memset.o)
                              ./User/main.o (memset)
c:/mounriver/mounriver_studio/toolchain/risc-v embedded gcc/bin/../lib/gcc/riscv-none-embed/8.2.0/../../../../riscv-none-embed/lib/rv32imacxw/ilp32\libg_nano.a(lib_a-printf.o)
                              ./User/main.o (printf)
c:/mounriver/mounriver_studio/toolchain/risc-v embedded gcc/bin/../lib/gcc/riscv-none-embed/8.2.0/../../../../riscv-none-embed/lib/rv32imacxw/ilp32\libg_nano.a(lib_a-puts.o)
                              ./User/main.o (puts)
c:/mounriver/mounriver_studio/toolchain/risc-v embedded gcc/bin/../lib/gcc/riscv-none-embed/8.2.0/../../../../riscv-none-embed/lib/rv32imacxw/ilp32\libg_nano.a(lib_a-wbuf.o)
                              c:/mounriver/mounriver_studio/toolchain/risc-v embedded gcc/bin/../lib/gcc/riscv-none-embed/8.2.0/../../../../riscv-none-embed/lib/rv32imacxw/ilp32\libg_nano.a(lib_a-puts.o) (__swbuf_r)
c:/mounriver/mounriver_studio/toolchain/risc-v embedded gcc/bin/../lib/gcc/riscv-none-embed/8.2.0/../../../../riscv-none-embed/lib/rv32imacxw/ilp32\libg_nano.a(lib_a-wsetup.o)
                              c:/mounriver/mounriver_studio/toolchain/risc-v embedded gcc/bin/../lib/gcc/riscv-none-embed/8.2.0/../../../../riscv-none-embed/lib/rv32imacxw/ilp32\libg_nano.a(lib_a-puts.o) (__swsetup_r)
c:/mounriver/mounriver_studio/toolchain/risc-v embedded gcc/bin/../lib/gcc/riscv-none-embed/8.2.0/../../../../riscv-none-embed/lib/rv32imacxw/ilp32\libg_nano.a(lib_a-fflush.o)
                              c:/mounriver/mounriver_studio/toolchain/risc-v embedded gcc/bin/../lib/gcc/riscv-none-embed/8.2.0/../../../../riscv-none-embed/lib/rv32imacxw/ilp32\libg_nano.a(lib_a-wbuf.o) (_fflush_r)
c:/mounriver/mounriver_studio/toolchain/risc-v embedded gcc/bin/../lib/gcc/riscv-none-embed/8.2.0/../../../../riscv-none-embed/lib/rv32imacxw/ilp32\libg_nano.a(lib_a-findfp.o)
                              c:/mounriver/mounriver_studio/toolchain/risc-v embedded gcc/bin/../lib/gcc/riscv-none-embed/8.2.0/../../../../riscv-none-embed/lib/rv32imacxw/ilp32\libg_nano.a(lib_a-printf.o) (__sinit)
c:/mounriver/mounriver_studio/toolchain/risc-v embedded gcc/bin/../lib/gcc/riscv-none-embed/8.2.0/../../../../riscv-none-embed/lib/rv32imacxw/ilp32\libg_nano.a(lib_a-fwalk.o)
                              c:/mounriver/mounriver_studio/toolchain/risc-v embedded gcc/bin/../lib/gcc/riscv-none-embed/8.2.0/../../../../riscv-none-embed/lib/rv32imacxw/ilp32\libg_nano.a(lib_a-findfp.o) (_fwalk)
c:/mounriver/mounriver_studio/toolchain/risc-v embedded gcc/bin/../lib/gcc/riscv-none-embed/8.2.0/../../../../riscv-none-embed/lib/rv32imacxw/ilp32\libg_nano.a(lib_a-impure.o)
                              c:/mounriver/mounriver_studio/toolchain/risc-v embedded gcc/bin/../lib/gcc/riscv-none-embed/8.2.0/../../../../riscv-none-embed/lib/rv32imacxw/ilp32\libg_nano.a(lib_a-fflush.o) (_global_impure_ptr)
c:/mounriver/mounriver_studio/toolchain/risc-v embedded gcc/bin/../lib/gcc/riscv-none-embed/8.2.0/../../../../riscv-none-embed/lib/rv32imacxw/ilp32\libg_nano.a(lib_a-makebuf.o)
                              c:/mounriver/mounriver_studio/toolchain/risc-v embedded gcc/bin/../lib/gcc/riscv-none-embed/8.2.0/../../../../riscv-none-embed/lib/rv32imacxw/ilp32\libg_nano.a(lib_a-wsetup.o) (__smakebuf_r)
c:/mounriver/mounriver_studio/toolchain/risc-v embedded gcc/bin/../lib/gcc/riscv-none-embed/8.2.0/../../../../riscv-none-embed/lib/rv32imacxw/ilp32\libg_nano.a(lib_a-nano-freer.o)
                              c:/mounriver/mounriver_studio/toolchain/risc-v embedded gcc/bin/../lib/gcc/riscv-none-embed/8.2.0/../../../../riscv-none-embed/lib/rv32imacxw/ilp32\libg_nano.a(lib_a-wsetup.o) (_free_r)
c:/mounriver/mounriver_studio/toolchain/risc-v embedded gcc/bin/../lib/gcc/riscv-none-embed/8.2.0/../../../../riscv-none-embed/lib/rv32imacxw/ilp32\libg_nano.a(lib_a-nano-mallocr.o)
                              c:/mounriver/mounriver_studio/toolchain/risc-v embedded gcc/bin/../lib/gcc/riscv-none-embed/8.2.0/../../../../riscv-none-embed/lib/rv32imacxw/ilp32\libg_nano.a(lib_a-findfp.o) (_malloc_r)
c:/mounriver/mounriver_studio/toolchain/risc-v embedded gcc/bin/../lib/gcc/riscv-none-embed/8.2.0/../../../../riscv-none-embed/lib/rv32imacxw/ilp32\libg_nano.a(lib_a-nano-vfprintf.o)
                              c:/mounriver/mounriver_studio/toolchain/risc-v embedded gcc/bin/../lib/gcc/riscv-none-embed/8.2.0/../../../../riscv-none-embed/lib/rv32imacxw/ilp32\libg_nano.a(lib_a-printf.o) (_vfprintf_r)
[...]
Memory Configuration

Name             Origin             Length             Attributes
FLASH            0x0000000000000000 0x000000000000f800 xr
RAM              0x0000000020000000 0x0000000000005000 xrw
*default*        0x0000000000000000 0xffffffffffffffff

Linker script and memory map

LOAD ./User/ch32x035_it.o
LOAD ./User/main.o
LOAD ./User/system_ch32x035.o
LOAD ./Startup/startup_ch32x035.o
LOAD ./Peripheral/src/ch32x035_adc.o
LOAD ./Peripheral/src/ch32x035_awu.o
LOAD ./Peripheral/src/ch32x035_dbgmcu.o
LOAD ./Peripheral/src/ch32x035_dma.o
LOAD ./Peripheral/src/ch32x035_exti.o
LOAD ./Peripheral/src/ch32x035_flash.o
LOAD ./Peripheral/src/ch32x035_gpio.o
LOAD ./Peripheral/src/ch32x035_i2c.o
LOAD ./Peripheral/src/ch32x035_iwdg.o
LOAD ./Peripheral/src/ch32x035_misc.o
LOAD ./Peripheral/src/ch32x035_opa.o
LOAD ./Peripheral/src/ch32x035_pwr.o
LOAD ./Peripheral/src/ch32x035_rcc.o
LOAD ./Peripheral/src/ch32x035_spi.o
LOAD ./Peripheral/src/ch32x035_tim.o
LOAD ./Peripheral/src/ch32x035_usart.o
LOAD ./Peripheral/src/ch32x035_wwdg.o
LOAD ./Debug/debug.o
LOAD ./Core/core_riscv.o
LOAD c:/mounriver/mounriver_studio/toolchain/risc-v embedded gcc/bin/../lib/gcc/riscv-none-embed/8.2.0/rv32imacxw/ilp32\libgcc.a
LOAD c:/mounriver/mounriver_studio/toolchain/risc-v embedded gcc/bin/../lib/gcc/riscv-none-embed/8.2.0/../../../../riscv-none-embed/lib/rv32imacxw/ilp32\libg_nano.a
LOAD c:/mounriver/mounriver_studio/toolchain/risc-v embedded gcc/bin/../lib/gcc/riscv-none-embed/8.2.0/../../../../riscv-none-embed/lib/rv32imacxw/ilp32\libc_nano.a
LOAD c:/mounriver/mounriver_studio/toolchain/risc-v embedded gcc/bin/../lib/gcc/riscv-none-embed/8.2.0/rv32imacxw/ilp32\libgcc.a
START GROUP
LOAD c:/mounriver/mounriver_studio/toolchain/risc-v embedded gcc/bin/../lib/gcc/riscv-none-embed/8.2.0/rv32imacxw/ilp32\libgcc.a
LOAD c:/mounriver/mounriver_studio/toolchain/risc-v embedded gcc/bin/../lib/gcc/riscv-none-embed/8.2.0/../../../../riscv-none-embed/lib/rv32imacxw/ilp32\libc_nano.a
LOAD c:/mounriver/mounriver_studio/toolchain/risc-v embedded gcc/bin/../lib/gcc/riscv-none-embed/8.2.0/../../../../riscv-none-embed/lib/rv32imacxw/ilp32\libnosys.a
END GROUP
START GROUP
LOAD c:/mounriver/mounriver_studio/toolchain/risc-v embedded gcc/bin/../lib/gcc/riscv-none-embed/8.2.0/rv32imacxw/ilp32\libgcc.a
LOAD c:/mounriver/mounriver_studio/toolchain/risc-v embedded gcc/bin/../lib/gcc/riscv-none-embed/8.2.0/../../../../riscv-none-embed/lib/rv32imacxw/ilp32\libc_nano.a
LOAD c:/mounriver/mounriver_studio/toolchain/risc-v embedded gcc/bin/../lib/gcc/riscv-none-embed/8.2.0/../../../../riscv-none-embed/lib/rv32imacxw/ilp32\libnosys.a
END GROUP
                0x0000000000000800                __stack_size = 0x800
                [!provide]                        PROVIDE (_stack_size = __stack_size)

.init           0x0000000000000000        0x4
                0x0000000000000000                _sinit = .
                0x0000000000000000                . = ALIGN (0x4)
 *(SORT_NONE(.init))
 .init          0x0000000000000000        0x4 ./Startup/startup_ch32x035.o
                0x0000000000000000                _start
                0x0000000000000004                . = ALIGN (0x4)
                0x0000000000000004                _einit = .

.vector         0x0000000000000004       0xfc
 *(.vector)
 .vector        0x0000000000000004       0xdc ./Startup/startup_ch32x035.o
                0x0000000000000100                . = ALIGN (0x40)
 *fill*         0x00000000000000e0       0x20 

.text           0x0000000000000100     0x1d44
                0x0000000000000100                . = ALIGN (0x4)
 *(.text)
 .text          0x0000000000000100       0x60 c:/mounriver/mounriver_studio/toolchain/risc-v embedded gcc/bin/../lib/gcc/riscv-none-embed/8.2.0/rv32imacxw/ilp32\libgcc.a(save-restore.o)
                0x0000000000000100                __riscv_save_12
                0x0000000000000108                __riscv_save_9
                0x0000000000000108                __riscv_save_11
                0x0000000000000108                __riscv_save_10
                0x0000000000000108                __riscv_save_8
                0x0000000000000116                __riscv_save_4
                0x0000000000000116                __riscv_save_6
                0x0000000000000116                __riscv_save_5
                0x0000000000000116                __riscv_save_7
                0x0000000000000130                __riscv_save_3
                0x0000000000000130                __riscv_save_2
                0x0000000000000130                __riscv_save_1
                0x0000000000000130                __riscv_save_0
                0x000000000000013c                __riscv_restore_12
                0x0000000000000140                __riscv_restore_11
                0x0000000000000140                __riscv_restore_9
                0x0000000000000140                __riscv_restore_10
                0x0000000000000140                __riscv_restore_8
                0x000000000000014a                __riscv_restore_5
                0x000000000000014a                __riscv_restore_7
                0x000000000000014a                __riscv_restore_6
                0x000000000000014a                __riscv_restore_4
                0x0000000000000154                __riscv_restore_3
                0x0000000000000154                __riscv_restore_0
                0x0000000000000154                __riscv_restore_2
                0x0000000000000154                __riscv_restore_1
 .text          0x0000000000000160       0xa8 c:/mounriver/mounriver_studio/toolchain/risc-v embedded gcc/bin/../lib/gcc/riscv-none-embed/8.2.0/../../../../riscv-none-embed/lib/rv32imacxw/ilp32\libg_nano.a(lib_a-memset.o)
                0x0000000000000160                memset
 *(.text.*)
 .text.NMI_Handler
                0x0000000000000208        0x2 ./User/ch32x035_it.o
                0x0000000000000208                NMI_Handler
 .text.HardFault_Handler
                0x000000000000020a        0x2 ./User/ch32x035_it.o
                0x000000000000020a                HardFault_Handler
 .text.OPA2_Init
                0x000000000000020c       0x4e ./User/main.o
                0x000000000000020c                OPA2_Init
 .text.OPA2_Change
                0x000000000000025a       0x28 ./User/main.o
                0x000000000000025a                OPA2_Change
 .text.ADC_Function_Init
                0x0000000000000282       0x74 ./User/main.o
                0x0000000000000282                ADC_Function_Init
 .text.Get_ADC_Val
                0x00000000000002f6       0x30 ./User/main.o
                0x00000000000002f6                Get_ADC_Val
 .text.startup.main
                0x0000000000000326       0xec ./User/main.o
                0x0000000000000326                main
 .text.SystemInit
                0x0000000000000412       0x42 ./User/system_ch32x035.o
                0x0000000000000412                SystemInit
 .text.SystemCoreClockUpdate
                0x0000000000000454       0x3e ./User/system_ch32x035.o
                0x0000000000000454                SystemCoreClockUpdate
 .text.vector_handler
                0x0000000000000492        0x2 ./Startup/startup_ch32x035.o
                0x0000000000000492                TIM1_CC_IRQHandler
                0x0000000000000492                TIM2_UP_IRQHandler
                0x0000000000000492                USBPD_IRQHandler
                0x0000000000000492                SysTick_Handler
                0x0000000000000492                PVD_IRQHandler
                0x0000000000000492                EXTI25_16_IRQHandler
                0x0000000000000492                USBFS_IRQHandler
                0x0000000000000492                Break_Point_Handler
                0x0000000000000492                TIM2_TRG_COM_IRQHandler
                0x0000000000000492                TIM2_CC_IRQHandler
                0x0000000000000492                SPI1_IRQHandler
                0x0000000000000492                AWU_IRQHandler
                0x0000000000000492                EXTI7_0_IRQHandler
                0x0000000000000492                Ecall_M_Mode_Handler
                0x0000000000000492                DMA1_Channel4_IRQHandler
                0x0000000000000492                ADC1_IRQHandler
                0x0000000000000492                TIM2_BRK_IRQHandler
                0x0000000000000492                USART3_IRQHandler
                0x0000000000000492                DMA1_Channel7_IRQHandler
                0x0000000000000492                USBPDWakeUp_IRQHandler
                0x0000000000000492                EXTI15_8_IRQHandler
                0x0000000000000492                I2C1_EV_IRQHandler
                0x0000000000000492                USART4_IRQHandler
                0x0000000000000492                DMA1_Channel6_IRQHandler
                0x0000000000000492                TIM3_IRQHandler
                0x0000000000000492                TIM1_TRG_COM_IRQHandler
                0x0000000000000492                DMA1_Channel1_IRQHandler
                0x0000000000000492                DMA1_Channel8_IRQHandler
                0x0000000000000492                PIOC_IRQHandler
                0x0000000000000492                DMA1_Channel5_IRQHandler
                0x0000000000000492                DMA1_Channel3_IRQHandler
                0x0000000000000492                TIM1_UP_IRQHandler
                0x0000000000000492                WWDG_IRQHandler
                0x0000000000000492                Ecall_U_Mode_Handler
                0x0000000000000492                SW_Handler
                0x0000000000000492                TIM1_BRK_IRQHandler
                0x0000000000000492                OPA_IRQHandler
                0x0000000000000492                USART2_IRQHandler
                0x0000000000000492                DMA1_Channel2_IRQHandler
                0x0000000000000492                FLASH_IRQHandler
                0x0000000000000492                USBFSWakeUp_IRQHandler
                0x0000000000000492                USART1_IRQHandler
                0x0000000000000492                I2C1_ER_IRQHandler
 .text.handle_reset
                0x0000000000000494       0x86 ./Startup/startup_ch32x035.o
                0x0000000000000494                handle_reset
 .text.ADC_DeInit
                0x000000000000051a       0x24 ./Peripheral/src/ch32x035_adc.o
                0x000000000000051a                ADC_DeInit
 .text.ADC_Init
                0x000000000000053e       0x56 ./Peripheral/src/ch32x035_adc.o
                0x000000000000053e                ADC_Init
 .text.ADC_Cmd  0x0000000000000594       0x10 ./Peripheral/src/ch32x035_adc.o
                0x0000000000000594                ADC_Cmd
 .text.ADC_SoftwareStartConvCmd
                0x00000000000005a4       0x18 ./Peripheral/src/ch32x035_adc.o
                0x00000000000005a4                ADC_SoftwareStartConvCmd
 .text.ADC_RegularChannelConfig
                0x00000000000005bc       0xb8 ./Peripheral/src/ch32x035_adc.o
                0x00000000000005bc                ADC_RegularChannelConfig
 .text.ADC_GetConversionValue
                0x0000000000000674        0x8 ./Peripheral/src/ch32x035_adc.o
                0x0000000000000674                ADC_GetConversionValue
 .text.ADC_GetFlagStatus
                0x000000000000067c        0xa ./Peripheral/src/ch32x035_adc.o
                0x000000000000067c                ADC_GetFlagStatus
 .text.ADC_CLKConfig
                0x0000000000000686        0xc ./Peripheral/src/ch32x035_adc.o
                0x0000000000000686                ADC_CLKConfig
 .text.DBGMCU_GetCHIPID
                0x0000000000000692        0xa ./Peripheral/src/ch32x035_dbgmcu.o
                0x0000000000000692                DBGMCU_GetCHIPID
 .text.GPIO_Init
                0x000000000000069c      0x16e ./Peripheral/src/ch32x035_gpio.o
                0x000000000000069c                GPIO_Init
 .text.NVIC_PriorityGroupConfig
                0x000000000000080a        0x6 ./Peripheral/src/ch32x035_misc.o
                0x000000000000080a                NVIC_PriorityGroupConfig
 .text.OPA_Unlock
                0x0000000000000810       0x1a ./Peripheral/src/ch32x035_opa.o
                0x0000000000000810                OPA_Unlock
 .text.OPA_Init
                0x000000000000082a       0xc4 ./Peripheral/src/ch32x035_opa.o
                0x000000000000082a                OPA_Init
 .text.OPA_Cmd  0x00000000000008ee       0x28 ./Peripheral/src/ch32x035_opa.o
                0x00000000000008ee                OPA_Cmd
 .text.RCC_GetClocksFreq
                0x0000000000000916       0x3e ./Peripheral/src/ch32x035_rcc.o
                0x0000000000000916                RCC_GetClocksFreq
 .text.RCC_APB2PeriphClockCmd
                0x0000000000000954       0x1e ./Peripheral/src/ch32x035_rcc.o
                0x0000000000000954                RCC_APB2PeriphClockCmd
 .text.RCC_APB1PeriphClockCmd
                0x0000000000000972       0x1e ./Peripheral/src/ch32x035_rcc.o
                0x0000000000000972                RCC_APB1PeriphClockCmd
 .text.RCC_APB2PeriphResetCmd
                0x0000000000000990       0x1e ./Peripheral/src/ch32x035_rcc.o
                0x0000000000000990                RCC_APB2PeriphResetCmd
 .text.USART_Init
                0x00000000000009ae       0x8e ./Peripheral/src/ch32x035_usart.o
                0x00000000000009ae                USART_Init
 .text.USART_Cmd
                0x0000000000000a3c       0x16 ./Peripheral/src/ch32x035_usart.o
                0x0000000000000a3c                USART_Cmd
 .text.USART_SendData
                0x0000000000000a52        0x8 ./Peripheral/src/ch32x035_usart.o
                0x0000000000000a52                USART_SendData
 .text.USART_GetFlagStatus
                0x0000000000000a5a        0xa ./Peripheral/src/ch32x035_usart.o
                0x0000000000000a5a                USART_GetFlagStatus
 .text.Delay_Init
                0x0000000000000a64       0x2a ./Debug/debug.o
                0x0000000000000a64                Delay_Init
 .text.USART_Printf_Init
                0x0000000000000a8e       0x56 ./Debug/debug.o
                0x0000000000000a8e                USART_Printf_Init
 .text._write   0x0000000000000ae4       0x3a ./Debug/debug.o
                0x0000000000000ae4                _write
 .text._sbrk    0x0000000000000b1e       0x26 ./Debug/debug.o
                0x0000000000000b1e                _sbrk
 .text.printf   0x0000000000000b44       0x40 c:/mounriver/mounriver_studio/toolchain/risc-v embedded gcc/bin/../lib/gcc/riscv-none-embed/8.2.0/../../../../riscv-none-embed/lib/rv32imacxw/ilp32\libg_nano.a(lib_a-printf.o)
                0x0000000000000b44                iprintf
                0x0000000000000b44                printf
 .text._puts_r  0x0000000000000b84       0xd4 c:/mounriver/mounriver_studio/toolchain/risc-v embedded gcc/bin/../lib/gcc/riscv-none-embed/8.2.0/../../../../riscv-none-embed/lib/rv32imacxw/ilp32\libg_nano.a(lib_a-puts.o)
                0x0000000000000b84                _puts_r
 .text.puts     0x0000000000000c58        0xa c:/mounriver/mounriver_studio/toolchain/risc-v embedded gcc/bin/../lib/gcc/riscv-none-embed/8.2.0/../../../../riscv-none-embed/lib/rv32imacxw/ilp32\libg_nano.a(lib_a-puts.o)
                0x0000000000000c58                puts
 .text.__swbuf_r
                0x0000000000000c62       0xbc c:/mounriver/mounriver_studio/toolchain/risc-v embedded gcc/bin/../lib/gcc/riscv-none-embed/8.2.0/../../../../riscv-none-embed/lib/rv32imacxw/ilp32\libg_nano.a(lib_a-wbuf.o)
                0x0000000000000c62                __swbuf_r
 .text.__swsetup_r
                0x0000000000000d1e       0xfc c:/mounriver/mounriver_studio/toolchain/risc-v embedded gcc/bin/../lib/gcc/riscv-none-embed/8.2.0/../../../../riscv-none-embed/lib/rv32imacxw/ilp32\libg_nano.a(lib_a-wsetup.o)
                0x0000000000000d1e                __swsetup_r
 .text.__sflush_r
                0x0000000000000e1a      0x130 c:/mounriver/mounriver_studio/toolchain/risc-v embedded gcc/bin/../lib/gcc/riscv-none-embed/8.2.0/../../../../riscv-none-embed/lib/rv32imacxw/ilp32\libg_nano.a(lib_a-fflush.o)
                0x0000000000000e1a                __sflush_r
 .text._fflush_r
                0x0000000000000f4a       0x64 c:/mounriver/mounriver_studio/toolchain/risc-v embedded gcc/bin/../lib/gcc/riscv-none-embed/8.2.0/../../../../riscv-none-embed/lib/rv32imacxw/ilp32\libg_nano.a(lib_a-fflush.o)
                0x0000000000000f4a                _fflush_r
 .text.std      0x0000000000000fae       0x66 c:/mounriver/mounriver_studio/toolchain/risc-v embedded gcc/bin/../lib/gcc/riscv-none-embed/8.2.0/../../../../riscv-none-embed/lib/rv32imacxw/ilp32\libg_nano.a(lib_a-findfp.o)
 .text._cleanup_r
                0x0000000000001014        0xa c:/mounriver/mounriver_studio/toolchain/risc-v embedded gcc/bin/../lib/gcc/riscv-none-embed/8.2.0/../../../../riscv-none-embed/lib/rv32imacxw/ilp32\libg_nano.a(lib_a-findfp.o)
                0x0000000000001014                _cleanup_r
 .text.__sfmoreglue
                0x000000000000101e       0x46 c:/mounriver/mounriver_studio/toolchain/risc-v embedded gcc/bin/../lib/gcc/riscv-none-embed/8.2.0/../../../../riscv-none-embed/lib/rv32imacxw/ilp32\libg_nano.a(lib_a-findfp.o)
                0x000000000000101e                __sfmoreglue
 .text.__sinit  0x0000000000001064       0x66 c:/mounriver/mounriver_studio/toolchain/risc-v embedded gcc/bin/../lib/gcc/riscv-none-embed/8.2.0/../../../../riscv-none-embed/lib/rv32imacxw/ilp32\libg_nano.a(lib_a-findfp.o)
                0x0000000000001064                __sinit
 .text.__sfp    0x00000000000010ca       0x9c c:/mounriver/mounriver_studio/toolchain/risc-v embedded gcc/bin/../lib/gcc/riscv-none-embed/8.2.0/../../../../riscv-none-embed/lib/rv32imacxw/ilp32\libg_nano.a(lib_a-findfp.o)
                0x00000000000010ca                __sfp
 .text._fwalk_reent
                0x0000000000001166       0x6a c:/mounriver/mounriver_studio/toolchain/risc-v embedded gcc/bin/../lib/gcc/riscv-none-embed/8.2.0/../../../../riscv-none-embed/lib/rv32imacxw/ilp32\libg_nano.a(lib_a-fwalk.o)
                0x0000000000001166                _fwalk_reent
 .text.__swhatbuf_r
                0x00000000000011d0       0x58 c:/mounriver/mounriver_studio/toolchain/risc-v embedded gcc/bin/../lib/gcc/riscv-none-embed/8.2.0/../../../../riscv-none-embed/lib/rv32imacxw/ilp32\libg_nano.a(lib_a-makebuf.o)
                0x00000000000011d0                __swhatbuf_r
 .text.__smakebuf_r
                0x0000000000001228       0x90 c:/mounriver/mounriver_studio/toolchain/risc-v embedded gcc/bin/../lib/gcc/riscv-none-embed/8.2.0/../../../../riscv-none-embed/lib/rv32imacxw/ilp32\libg_nano.a(lib_a-makebuf.o)
                0x0000000000001228                __smakebuf_r
 .text._free_r  0x00000000000012b8       0xa8 c:/mounriver/mounriver_studio/toolchain/risc-v embedded gcc/bin/../lib/gcc/riscv-none-embed/8.2.0/../../../../riscv-none-embed/lib/rv32imacxw/ilp32\libg_nano.a(lib_a-nano-freer.o)
                0x00000000000012b8                _free_r
 .text._malloc_r
                0x0000000000001360       0xd4 c:/mounriver/mounriver_studio/toolchain/risc-v embedded gcc/bin/../lib/gcc/riscv-none-embed/8.2.0/../../../../riscv-none-embed/lib/rv32imacxw/ilp32\libg_nano.a(lib_a-nano-mallocr.o)
                0x0000000000001360                _malloc_r
 .text.__sfputc_r
                0x0000000000001434       0x28 c:/mounriver/mounriver_studio/toolchain/risc-v embedded gcc/bin/../lib/gcc/riscv-none-embed/8.2.0/../../../../riscv-none-embed/lib/rv32imacxw/ilp32\libg_nano.a(lib_a-nano-vfprintf.o)
 .text.__sfputs_r
                0x000000000000145c       0x40 c:/mounriver/mounriver_studio/toolchain/risc-v embedded gcc/bin/../lib/gcc/riscv-none-embed/8.2.0/../../../../riscv-none-embed/lib/rv32imacxw/ilp32\libg_nano.a(lib_a-nano-vfprintf.o)
                0x000000000000145c                __sfputs_r
 .text._vfprintf_r
                0x000000000000149c      0x284 c:/mounriver/mounriver_studio/toolchain/risc-v embedded gcc/bin/../lib/gcc/riscv-none-embed/8.2.0/../../../../riscv-none-embed/lib/rv32imacxw/ilp32\libg_nano.a(lib_a-nano-vfprintf.o)
                0x000000000000149c                _vfprintf_r
                0x000000000000149c                _vfiprintf_r
 .text._printf_common
                0x0000000000001720      0x10c c:/mounriver/mounriver_studio/toolchain/risc-v embedded gcc/bin/../lib/gcc/riscv-none-embed/8.2.0/../../../../riscv-none-embed/lib/rv32imacxw/ilp32\libg_nano.a(lib_a-nano-vfprintf_i.o)
                0x0000000000001720                _printf_common
 .text._printf_i
                0x000000000000182c      0x2a0 c:/mounriver/mounriver_studio/toolchain/risc-v embedded gcc/bin/../lib/gcc/riscv-none-embed/8.2.0/../../../../riscv-none-embed/lib/rv32imacxw/ilp32\libg_nano.a(lib_a-nano-vfprintf_i.o)
                0x000000000000182c                _printf_i
 .text._sbrk_r  0x0000000000001acc       0x2a c:/mounriver/mounriver_studio/toolchain/risc-v embedded gcc/bin/../lib/gcc/riscv-none-embed/8.2.0/../../../../riscv-none-embed/lib/rv32imacxw/ilp32\libg_nano.a(lib_a-sbrkr.o)
                0x0000000000001acc                _sbrk_r
 .text.__sread  0x0000000000001af6       0x2c c:/mounriver/mounriver_studio/toolchain/risc-v embedded gcc/bin/../lib/gcc/riscv-none-embed/8.2.0/../../../../riscv-none-embed/lib/rv32imacxw/ilp32\libg_nano.a(lib_a-stdio.o)
                0x0000000000001af6                __sread
 .text.__swrite
                0x0000000000001b22       0x48 c:/mounriver/mounriver_studio/toolchain/risc-v embedded gcc/bin/../lib/gcc/riscv-none-embed/8.2.0/../../../../riscv-none-embed/lib/rv32imacxw/ilp32\libg_nano.a(lib_a-stdio.o)
                0x0000000000001b22                __swrite
 .text.__sseek  0x0000000000001b6a       0x30 c:/mounriver/mounriver_studio/toolchain/risc-v embedded gcc/bin/../lib/gcc/riscv-none-embed/8.2.0/../../../../riscv-none-embed/lib/rv32imacxw/ilp32\libg_nano.a(lib_a-stdio.o)
                0x0000000000001b6a                __sseek
 .text.__sclose
                0x0000000000001b9a        0x6 c:/mounriver/mounriver_studio/toolchain/risc-v embedded gcc/bin/../lib/gcc/riscv-none-embed/8.2.0/../../../../riscv-none-embed/lib/rv32imacxw/ilp32\libg_nano.a(lib_a-stdio.o)
                0x0000000000001b9a                __sclose
 .text._write_r
                0x0000000000001ba0       0x2e c:/mounriver/mounriver_studio/toolchain/risc-v embedded gcc/bin/../lib/gcc/riscv-none-embed/8.2.0/../../../../riscv-none-embed/lib/rv32imacxw/ilp32\libg_nano.a(lib_a-writer.o)
                0x0000000000001ba0                _write_r
 .text._close_r
                0x0000000000001bce       0x28 c:/mounriver/mounriver_studio/toolchain/risc-v embedded gcc/bin/../lib/gcc/riscv-none-embed/8.2.0/../../../../riscv-none-embed/lib/rv32imacxw/ilp32\libg_nano.a(lib_a-closer.o)
                0x0000000000001bce                _close_r
 .text._fstat_r
                0x0000000000001bf6       0x2a c:/mounriver/mounriver_studio/toolchain/risc-v embedded gcc/bin/../lib/gcc/riscv-none-embed/8.2.0/../../../../riscv-none-embed/lib/rv32imacxw/ilp32\libg_nano.a(lib_a-fstatr.o)
                0x0000000000001bf6                _fstat_r
 .text._isatty_r
                0x0000000000001c20       0x28 c:/mounriver/mounriver_studio/toolchain/risc-v embedded gcc/bin/../lib/gcc/riscv-none-embed/8.2.0/../../../../riscv-none-embed/lib/rv32imacxw/ilp32\libg_nano.a(lib_a-isattyr.o)
                0x0000000000001c20                _isatty_r
 .text._lseek_r
                0x0000000000001c48       0x2c c:/mounriver/mounriver_studio/toolchain/risc-v embedded gcc/bin/../lib/gcc/riscv-none-embed/8.2.0/../../../../riscv-none-embed/lib/rv32imacxw/ilp32\libg_nano.a(lib_a-lseekr.o)
                0x0000000000001c48                _lseek_r
 .text.memchr   0x0000000000001c74       0x18 c:/mounriver/mounriver_studio/toolchain/risc-v embedded gcc/bin/../lib/gcc/riscv-none-embed/8.2.0/../../../../riscv-none-embed/lib/rv32imacxw/ilp32\libg_nano.a(lib_a-memchr.o)
                0x0000000000001c74                memchr
 .text.__malloc_lock
                0x0000000000001c8c        0x2 c:/mounriver/mounriver_studio/toolchain/risc-v embedded gcc/bin/../lib/gcc/riscv-none-embed/8.2.0/../../../../riscv-none-embed/lib/rv32imacxw/ilp32\libg_nano.a(lib_a-mlock.o)
                0x0000000000001c8c                __malloc_lock
 .text.__malloc_unlock
                0x0000000000001c8e        0x2 c:/mounriver/mounriver_studio/toolchain/risc-v embedded gcc/bin/../lib/gcc/riscv-none-embed/8.2.0/../../../../riscv-none-embed/lib/rv32imacxw/ilp32\libg_nano.a(lib_a-mlock.o)
                0x0000000000001c8e                __malloc_unlock
 .text._read_r  0x0000000000001c90       0x2c c:/mounriver/mounriver_studio/toolchain/risc-v embedded gcc/bin/../lib/gcc/riscv-none-embed/8.2.0/../../../../riscv-none-embed/lib/rv32imacxw/ilp32\libg_nano.a(lib_a-readr.o)
                0x0000000000001c90                _read_r
 .text._close   0x0000000000001cbc        0xc c:/mounriver/mounriver_studio/toolchain/risc-v embedded gcc/bin/../lib/gcc/riscv-none-embed/8.2.0/../../../../riscv-none-embed/lib/rv32imacxw/ilp32\libnosys.a(close.o)
                0x0000000000001cbc                _close
 .text._fstat   0x0000000000001cc8        0xc c:/mounriver/mounriver_studio/toolchain/risc-v embedded gcc/bin/../lib/gcc/riscv-none-embed/8.2.0/../../../../riscv-none-embed/lib/rv32imacxw/ilp32\libnosys.a(fstat.o)
                0x0000000000001cc8                _fstat
 .text._isatty  0x0000000000001cd4        0xc c:/mounriver/mounriver_studio/toolchain/risc-v embedded gcc/bin/../lib/gcc/riscv-none-embed/8.2.0/../../../../riscv-none-embed/lib/rv32imacxw/ilp32\libnosys.a(isatty.o)
                0x0000000000001cd4                _isatty
 .text._lseek   0x0000000000001ce0        0xc c:/mounriver/mounriver_studio/toolchain/risc-v embedded gcc/bin/../lib/gcc/riscv-none-embed/8.2.0/../../../../riscv-none-embed/lib/rv32imacxw/ilp32\libnosys.a(lseek.o)
                0x0000000000001ce0                _lseek
 .text._read    0x0000000000001cec        0xc c:/mounriver/mounriver_studio/toolchain/risc-v embedded gcc/bin/../lib/gcc/riscv-none-embed/8.2.0/../../../../riscv-none-embed/lib/rv32imacxw/ilp32\libnosys.a(read.o)
                0x0000000000001cec                _read
 *(.rodata)
 *(.rodata*)
 .rodata.main.str1.4
                0x0000000000001cf8       0xaf ./User/main.o
 *fill*         0x0000000000001da7        0x1 
 .rodata.__sf_fake_stderr
                0x0000000000001da8       0x20 c:/mounriver/mounriver_studio/toolchain/risc-v embedded gcc/bin/../lib/gcc/riscv-none-embed/8.2.0/../../../../riscv-none-embed/lib/rv32imacxw/ilp32\libg_nano.a(lib_a-findfp.o)
                0x0000000000001da8                __sf_fake_stderr
 .rodata.__sf_fake_stdin
                0x0000000000001dc8       0x20 c:/mounriver/mounriver_studio/toolchain/risc-v embedded gcc/bin/../lib/gcc/riscv-none-embed/8.2.0/../../../../riscv-none-embed/lib/rv32imacxw/ilp32\libg_nano.a(lib_a-findfp.o)
                0x0000000000001dc8                __sf_fake_stdin
 .rodata.__sf_fake_stdout
                0x0000000000001de8       0x20 c:/mounriver/mounriver_studio/toolchain/risc-v embedded gcc/bin/../lib/gcc/riscv-none-embed/8.2.0/../../../../riscv-none-embed/lib/rv32imacxw/ilp32\libg_nano.a(lib_a-findfp.o)
                0x0000000000001de8                __sf_fake_stdout
 .rodata._vfprintf_r.str1.4
                0x0000000000001e08       0x13 c:/mounriver/mounriver_studio/toolchain/risc-v embedded gcc/bin/../lib/gcc/riscv-none-embed/8.2.0/../../../../riscv-none-embed/lib/rv32imacxw/ilp32\libg_nano.a(lib_a-nano-vfprintf.o)
 *fill*         0x0000000000001e1b        0x1 
 .rodata._printf_i.str1.4
                0x0000000000001e1c       0x28 c:/mounriver/mounriver_studio/toolchain/risc-v embedded gcc/bin/../lib/gcc/riscv-none-embed/8.2.0/../../../../riscv-none-embed/lib/rv32imacxw/ilp32\libg_nano.a(lib_a-nano-vfprintf_i.o)
                                         0x25 (size before relaxing)
 *(.gnu.linkonce.t.*)
                0x0000000000001e44                . = ALIGN (0x4)

.rela.dyn       0x0000000000001e44        0x0
 .rela.init     0x0000000000001e44        0x0 ./User/ch32x035_it.o
 .rela.vector   0x0000000000001e44        0x0 ./User/ch32x035_it.o
 .rela.text.handle_reset
                0x0000000000001e44        0x0 ./User/ch32x035_it.o
 .rela.text._sbrk
                0x0000000000001e44        0x0 ./User/ch32x035_it.o
 .rela.sdata.curbrk.4333
                0x0000000000001e44        0x0 ./User/ch32x035_it.o
 .rela.text._vfprintf_r
                0x0000000000001e44        0x0 ./User/ch32x035_it.o
 .rela.text._sbrk_r
                0x0000000000001e44        0x0 ./User/ch32x035_it.o
 .rela.text._write_r
                0x0000000000001e44        0x0 ./User/ch32x035_it.o
 .rela.text._close_r
                0x0000000000001e44        0x0 ./User/ch32x035_it.o
 .rela.text._fstat_r
                0x0000000000001e44        0x0 ./User/ch32x035_it.o
 .rela.text._isatty_r
                0x0000000000001e44        0x0 ./User/ch32x035_it.o
 .rela.text._lseek_r
                0x0000000000001e44        0x0 ./User/ch32x035_it.o
 .rela.text._read_r
                0x0000000000001e44        0x0 ./User/ch32x035_it.o
 .rela.text._close
                0x0000000000001e44        0x0 ./User/ch32x035_it.o
 .rela.text._fstat
                0x0000000000001e44        0x0 ./User/ch32x035_it.o
 .rela.text._isatty
                0x0000000000001e44        0x0 ./User/ch32x035_it.o
 .rela.text._lseek
                0x0000000000001e44        0x0 ./User/ch32x035_it.o
 .rela.text._read
                0x0000000000001e44        0x0 ./User/ch32x035_it.o

.fini           0x0000000000001e44        0x0
 *(SORT_NONE(.fini))
                0x0000000000001e44                . = ALIGN (0x4)
                [!provide]                        PROVIDE (_etext = .)
                [!provide]                        PROVIDE (_eitcm = .)

.preinit_array  0x0000000000001e44        0x0
                [!provide]                        PROVIDE (__preinit_array_start = .)
 *(.preinit_array)
                [!provide]                        PROVIDE (__preinit_array_end = .)

.init_array     0x0000000000001e44        0x0
                [!provide]                        PROVIDE (__init_array_start = .)
 *(SORT_BY_INIT_PRIORITY(.init_array.*) SORT_BY_INIT_PRIORITY(.ctors.*))
 *(.init_array EXCLUDE_FILE(*crtend?.o *crtend.o *crtbegin?.o *crtbegin.o) .ctors)
                [!provide]                        PROVIDE (__init_array_end = .)

.fini_array     0x0000000000001e44        0x0
                [!provide]                        PROVIDE (__fini_array_start = .)
 *(SORT_BY_INIT_PRIORITY(.fini_array.*) SORT_BY_INIT_PRIORITY(.dtors.*))
 *(.fini_array EXCLUDE_FILE(*crtend?.o *crtend.o *crtbegin?.o *crtbegin.o) .dtors)
                [!provide]                        PROVIDE (__fini_array_end = .)

.ctors
 *crtbegin.o(.ctors)
 *crtbegin?.o(.ctors)
 *(EXCLUDE_FILE(*crtend?.o *crtend.o) .ctors)
 *(SORT_BY_NAME(.ctors.*))
 *(.ctors)

.dtors
 *crtbegin.o(.dtors)
 *crtbegin?.o(.dtors)
 *(EXCLUDE_FILE(*crtend?.o *crtend.o) .dtors)
 *(SORT_BY_NAME(.dtors.*))
 *(.dtors)

.dalign         0x0000000020000000        0x0 load address 0x0000000000001e44
                0x0000000020000000                . = ALIGN (0x4)
                0x0000000020000000                PROVIDE (_data_vma = .)

.dlalign        0x0000000000001e44        0x0
                0x0000000000001e44                . = ALIGN (0x4)
                0x0000000000001e44                PROVIDE (_data_lma = .)

.data           0x0000000020000000       0xa0 load address 0x0000000000001e44
 *(.gnu.linkonce.r.*)
 *(.data .data.*)
 .data.AHBPrescTable
                0x0000000020000000       0x10 ./User/system_ch32x035.o
                0x0000000020000000                AHBPrescTable
 .data.APBAHBPrescTable
                0x0000000020000010       0x10 ./Peripheral/src/ch32x035_rcc.o
 .data.impure_data
                0x0000000020000020       0x60 c:/mounriver/mounriver_studio/toolchain/risc-v embedded gcc/bin/../lib/gcc/riscv-none-embed/8.2.0/../../../../riscv-none-embed/lib/rv32imacxw/ilp32\libg_nano.a(lib_a-impure.o)
 *(.gnu.linkonce.d.*)
                0x0000000020000080                . = ALIGN (0x8)
                0x0000000020000880                PROVIDE (__global_pointer$ = (. + 0x800))
 *(.sdata .sdata.*)
 .sdata.SystemCoreClock
                0x0000000020000080        0x4 ./User/system_ch32x035.o
                0x0000000020000080                SystemCoreClock
 .sdata.CFGHR_tmpA
                0x0000000020000084        0x4 ./Peripheral/src/ch32x035_gpio.o
                0x0000000020000084                CFGHR_tmpA
 .sdata.CFGHR_tmpB
                0x0000000020000088        0x4 ./Peripheral/src/ch32x035_gpio.o
                0x0000000020000088                CFGHR_tmpB
 .sdata.CFGHR_tmpC
                0x000000002000008c        0x4 ./Peripheral/src/ch32x035_gpio.o
                0x000000002000008c                CFGHR_tmpC
 .sdata.curbrk.4333
                0x0000000020000090        0x4 ./Debug/debug.o
 .sdata._impure_ptr
                0x0000000020000094        0x4 c:/mounriver/mounriver_studio/toolchain/risc-v embedded gcc/bin/../lib/gcc/riscv-none-embed/8.2.0/../../../../riscv-none-embed/lib/rv32imacxw/ilp32\libg_nano.a(lib_a-impure.o)
                0x0000000020000094                _impure_ptr
 *(.sdata2.*)
 .sdata2._global_impure_ptr
                0x0000000020000098        0x4 c:/mounriver/mounriver_studio/toolchain/risc-v embedded gcc/bin/../lib/gcc/riscv-none-embed/8.2.0/../../../../riscv-none-embed/lib/rv32imacxw/ilp32\libg_nano.a(lib_a-impure.o)
                0x0000000020000098                _global_impure_ptr
 *(.gnu.linkonce.s.*)
                0x00000000200000a0                . = ALIGN (0x8)
 *fill*         0x000000002000009c        0x4 
 *(.srodata.cst16)
 *(.srodata.cst8)
 *(.srodata.cst4)
 *(.srodata.cst2)
 *(.srodata .srodata.*)
                0x00000000200000a0                . = ALIGN (0x4)
                0x00000000200000a0                PROVIDE (_edata = .)

.bss            0x00000000200000a0       0x14 load address 0x0000000000001ee4
                0x00000000200000a0                . = ALIGN (0x4)
                0x00000000200000a0                PROVIDE (_sbss = .)
 *(.sbss*)
 .sbss.NVIC_Priority_Group
                0x00000000200000a0        0x4 ./Peripheral/src/ch32x035_misc.o
                0x00000000200000a0                NVIC_Priority_Group
 .sbss.p_ms     0x00000000200000a4        0x2 ./Debug/debug.o
 .sbss.p_us     0x00000000200000a6        0x1 ./Debug/debug.o
 *fill*         0x00000000200000a7        0x1 
 .sbss.__malloc_free_list
                0x00000000200000a8        0x4 c:/mounriver/mounriver_studio/toolchain/risc-v embedded gcc/bin/../lib/gcc/riscv-none-embed/8.2.0/../../../../riscv-none-embed/lib/rv32imacxw/ilp32\libg_nano.a(lib_a-nano-mallocr.o)
                0x00000000200000a8                __malloc_free_list
 .sbss.__malloc_sbrk_start
                0x00000000200000ac        0x4 c:/mounriver/mounriver_studio/toolchain/risc-v embedded gcc/bin/../lib/gcc/riscv-none-embed/8.2.0/../../../../riscv-none-embed/lib/rv32imacxw/ilp32\libg_nano.a(lib_a-nano-mallocr.o)
                0x00000000200000ac                __malloc_sbrk_start
 *(.gnu.linkonce.sb.*)
 *(.bss*)
 *(.gnu.linkonce.b.*)
 *(COMMON*)
 COMMON         0x00000000200000b0        0x4 c:/mounriver/mounriver_studio/toolchain/risc-v embedded gcc/bin/../lib/gcc/riscv-none-embed/8.2.0/../../../../riscv-none-embed/lib/rv32imacxw/ilp32\libg_nano.a(lib_a-reent.o)
                0x00000000200000b0                errno
                0x00000000200000b4                . = ALIGN (0x4)
                0x00000000200000b4                PROVIDE (_ebss = .)
                0x00000000200000b4                PROVIDE (_end = _ebss)
                [!provide]                        PROVIDE (end = .)

.stack          0x0000000020004800      0x800
                0x0000000020004800                PROVIDE (_heap_end = .)
                0x0000000020004800                . = ALIGN (0x4)
                [!provide]                        PROVIDE (_susrstack = .)
                0x0000000020005000                . = (. + __stack_size)
 *fill*         0x0000000020004800      0x800 
                0x0000000020005000                PROVIDE (_eusrstack = .)
OUTPUT(CH32X035F7P6.elf elf32-littleriscv)

.debug_info     0x0000000000000000     0xab7f
 .debug_info    0x0000000000000000      0x962 ./User/ch32x035_it.o
 .debug_info    0x0000000000000962     0x158a ./User/main.o
 .debug_info    0x0000000000001eec      0xb56 ./User/system_ch32x035.o
 .debug_info    0x0000000000002a42       0x22 ./Startup/startup_ch32x035.o
 .debug_info    0x0000000000002a64     0x15d6 ./Peripheral/src/ch32x035_adc.o
 .debug_info    0x000000000000403a      0xa94 ./Peripheral/src/ch32x035_dbgmcu.o
 .debug_info    0x0000000000004ace     0x11c9 ./Peripheral/src/ch32x035_gpio.o
 .debug_info    0x0000000000005c97      0xe36 ./Peripheral/src/ch32x035_misc.o
 .debug_info    0x0000000000006acd     0x10a6 ./Peripheral/src/ch32x035_opa.o
 .debug_info    0x0000000000007b73      0xd8f ./Peripheral/src/ch32x035_rcc.o
 .debug_info    0x0000000000008902     0x1333 ./Peripheral/src/ch32x035_usart.o
 .debug_info    0x0000000000009c35      0xf4a ./Debug/debug.o

.debug_abbrev   0x0000000000000000     0x1f35
 .debug_abbrev  0x0000000000000000      0x1cf ./User/ch32x035_it.o
 .debug_abbrev  0x00000000000001cf      0x2c9 ./User/main.o
 .debug_abbrev  0x0000000000000498      0x258 ./User/system_ch32x035.o
 .debug_abbrev  0x00000000000006f0       0x12 ./Startup/startup_ch32x035.o
 .debug_abbrev  0x0000000000000702      0x323 ./Peripheral/src/ch32x035_adc.o
 .debug_abbrev  0x0000000000000a25      0x2f7 ./Peripheral/src/ch32x035_dbgmcu.o
 .debug_abbrev  0x0000000000000d1c      0x34b ./Peripheral/src/ch32x035_gpio.o
 .debug_abbrev  0x0000000000001067      0x2ea ./Peripheral/src/ch32x035_misc.o
 .debug_abbrev  0x0000000000001351      0x2ca ./Peripheral/src/ch32x035_opa.o
 .debug_abbrev  0x000000000000161b      0x326 ./Peripheral/src/ch32x035_rcc.o
 .debug_abbrev  0x0000000000001941      0x312 ./Peripheral/src/ch32x035_usart.o
 .debug_abbrev  0x0000000000001c53      0x2e2 ./Debug/debug.o

.debug_aranges  0x0000000000000000      0x550
 .debug_aranges
                0x0000000000000000       0x28 ./User/ch32x035_it.o
 .debug_aranges
                0x0000000000000028       0x40 ./User/main.o
 .debug_aranges
                0x0000000000000068       0x28 ./User/system_ch32x035.o
 .debug_aranges
                0x0000000000000090       0x30 ./Startup/startup_ch32x035.o
 .debug_aranges
                0x00000000000000c0      0x140 ./Peripheral/src/ch32x035_adc.o
 .debug_aranges
                0x0000000000000200       0x48 ./Peripheral/src/ch32x035_dbgmcu.o
 .debug_aranges
                0x0000000000000248       0x98 ./Peripheral/src/ch32x035_gpio.o
 .debug_aranges
                0x00000000000002e0       0x28 ./Peripheral/src/ch32x035_misc.o
 .debug_aranges
                0x0000000000000308       0x88 ./Peripheral/src/ch32x035_opa.o
 .debug_aranges
                0x0000000000000390       0x80 ./Peripheral/src/ch32x035_rcc.o
 .debug_aranges
                0x0000000000000410       0xf0 ./Peripheral/src/ch32x035_usart.o
 .debug_aranges
                0x0000000000000500       0x50 ./Debug/debug.o

.debug_ranges   0x0000000000000000      0x4e0
 .debug_ranges  0x0000000000000000       0x18 ./User/ch32x035_it.o
 .debug_ranges  0x0000000000000018       0x30 ./User/main.o
 .debug_ranges  0x0000000000000048       0x18 ./User/system_ch32x035.o
 .debug_ranges  0x0000000000000060       0x28 ./Startup/startup_ch32x035.o
 .debug_ranges  0x0000000000000088      0x130 ./Peripheral/src/ch32x035_adc.o
 .debug_ranges  0x00000000000001b8       0x50 ./Peripheral/src/ch32x035_dbgmcu.o
 .debug_ranges  0x0000000000000208       0x88 ./Peripheral/src/ch32x035_gpio.o
 .debug_ranges  0x0000000000000290       0x48 ./Peripheral/src/ch32x035_misc.o
 .debug_ranges  0x00000000000002d8       0x78 ./Peripheral/src/ch32x035_opa.o
 .debug_ranges  0x0000000000000350       0x70 ./Peripheral/src/ch32x035_rcc.o
 .debug_ranges  0x00000000000003c0       0xe0 ./Peripheral/src/ch32x035_usart.o
 .debug_ranges  0x00000000000004a0       0x40 ./Debug/debug.o

.debug_line     0x0000000000000000     0x64b4
 .debug_line    0x0000000000000000      0x22c ./User/ch32x035_it.o
 .debug_line    0x000000000000022c      0x869 ./User/main.o
 .debug_line    0x0000000000000a95      0x362 ./User/system_ch32x035.o
 .debug_line    0x0000000000000df7      0x11e ./Startup/startup_ch32x035.o
 .debug_line    0x0000000000000f15     0x14c9 ./Peripheral/src/ch32x035_adc.o
 .debug_line    0x00000000000023de      0x35b ./Peripheral/src/ch32x035_dbgmcu.o
 .debug_line    0x0000000000002739     0x11ff ./Peripheral/src/ch32x035_gpio.o
 .debug_line    0x0000000000003938      0x3a8 ./Peripheral/src/ch32x035_misc.o
 .debug_line    0x0000000000003ce0      0xafc ./Peripheral/src/ch32x035_opa.o
 .debug_line    0x00000000000047dc      0x791 ./Peripheral/src/ch32x035_rcc.o
 .debug_line    0x0000000000004f6d      0xe41 ./Peripheral/src/ch32x035_usart.o
 .debug_line    0x0000000000005dae      0x706 ./Debug/debug.o

.debug_str      0x0000000000000000     0x2186
 .debug_str     0x0000000000000000      0x540 ./User/ch32x035_it.o
                                        0x5a1 (size before relaxing)
 .debug_str     0x0000000000000540      0x81e ./User/main.o
                                        0xdc1 (size before relaxing)
 .debug_str     0x0000000000000d5e       0xde ./User/system_ch32x035.o
                                        0x69f (size before relaxing)
 .debug_str     0x0000000000000e3c       0x2a ./Startup/startup_ch32x035.o
                                         0x51 (size before relaxing)
 .debug_str     0x0000000000000e66      0x457 ./Peripheral/src/ch32x035_adc.o
                                        0xbec (size before relaxing)
 .debug_str     0x00000000000012bd       0x7e ./Peripheral/src/ch32x035_dbgmcu.o
                                        0x631 (size before relaxing)
 .debug_str     0x000000000000133b      0x20a ./Peripheral/src/ch32x035_gpio.o
                                        0x937 (size before relaxing)
 .debug_str     0x0000000000001545      0x419 ./Peripheral/src/ch32x035_misc.o
                                        0x9fc (size before relaxing)
 .debug_str     0x000000000000195e      0x1f4 ./Peripheral/src/ch32x035_opa.o
                                        0xbdb (size before relaxing)
 .debug_str     0x0000000000001b52      0x1c4 ./Peripheral/src/ch32x035_rcc.o
                                        0x83b (size before relaxing)
 .debug_str     0x0000000000001d16      0x3d6 ./Peripheral/src/ch32x035_usart.o
                                        0xac4 (size before relaxing)
 .debug_str     0x00000000000020ec       0x9a ./Debug/debug.o
                                        0x8dc (size before relaxing)

.comment        0x0000000000000000       0x33
 .comment       0x0000000000000000       0x33 ./User/ch32x035_it.o
                                         0x34 (size before relaxing)
 .comment       0x0000000000000033       0x34 ./User/main.o
 .comment       0x0000000000000033       0x34 ./User/system_ch32x035.o
 .comment       0x0000000000000033       0x34 ./Peripheral/src/ch32x035_adc.o
 .comment       0x0000000000000033       0x34 ./Peripheral/src/ch32x035_dbgmcu.o
 .comment       0x0000000000000033       0x34 ./Peripheral/src/ch32x035_gpio.o
 .comment       0x0000000000000033       0x34 ./Peripheral/src/ch32x035_misc.o
 .comment       0x0000000000000033       0x34 ./Peripheral/src/ch32x035_opa.o
 .comment       0x0000000000000033       0x34 ./Peripheral/src/ch32x035_rcc.o
 .comment       0x0000000000000033       0x34 ./Peripheral/src/ch32x035_usart.o
 .comment       0x0000000000000033       0x34 ./Debug/debug.o

.debug_frame    0x0000000000000000     0x1318
 .debug_frame   0x0000000000000000       0x30 ./User/ch32x035_it.o
 .debug_frame   0x0000000000000030       0xc0 ./User/main.o
 .debug_frame   0x00000000000000f0       0x30 ./User/system_ch32x035.o
 .debug_frame   0x0000000000000120      0x27c ./Peripheral/src/ch32x035_adc.o
 .debug_frame   0x000000000000039c       0x70 ./Peripheral/src/ch32x035_dbgmcu.o
 .debug_frame   0x000000000000040c      0x140 ./Peripheral/src/ch32x035_gpio.o
 .debug_frame   0x000000000000054c       0x30 ./Peripheral/src/ch32x035_misc.o
 .debug_frame   0x000000000000057c       0xf0 ./Peripheral/src/ch32x035_opa.o
 .debug_frame   0x000000000000066c       0xfc ./Peripheral/src/ch32x035_rcc.o
 .debug_frame   0x0000000000000768      0x1e4 ./Peripheral/src/ch32x035_usart.o
 .debug_frame   0x000000000000094c       0xb8 ./Debug/debug.o
 .debug_frame   0x0000000000000a04       0x54 c:/mounriver/mounriver_studio/toolchain/risc-v embedded gcc/bin/../lib/gcc/riscv-none-embed/8.2.0/../../../../riscv-none-embed/lib/rv32imacxw/ilp32\libg_nano.a(lib_a-printf.o)
 .debug_frame   0x0000000000000a58       0x54 c:/mounriver/mounriver_studio/toolchain/risc-v embedded gcc/bin/../lib/gcc/riscv-none-embed/8.2.0/../../../../riscv-none-embed/lib/rv32imacxw/ilp32\libg_nano.a(lib_a-puts.o)
 .debug_frame   0x0000000000000aac       0x50 c:/mounriver/mounriver_studio/toolchain/risc-v embedded gcc/bin/../lib/gcc/riscv-none-embed/8.2.0/../../../../riscv-none-embed/lib/rv32imacxw/ilp32\libg_nano.a(lib_a-wbuf.o)
 .debug_frame   0x0000000000000afc       0x3c c:/mounriver/mounriver_studio/toolchain/risc-v embedded gcc/bin/../lib/gcc/riscv-none-embed/8.2.0/../../../../riscv-none-embed/lib/rv32imacxw/ilp32\libg_nano.a(lib_a-wsetup.o)
 .debug_frame   0x0000000000000b38       0x7c c:/mounriver/mounriver_studio/toolchain/risc-v embedded gcc/bin/../lib/gcc/riscv-none-embed/8.2.0/../../../../riscv-none-embed/lib/rv32imacxw/ilp32\libg_nano.a(lib_a-fflush.o)
 .debug_frame   0x0000000000000bb4      0x148 c:/mounriver/mounriver_studio/toolchain/risc-v embedded gcc/bin/../lib/gcc/riscv-none-embed/8.2.0/../../../../riscv-none-embed/lib/rv32imacxw/ilp32\libg_nano.a(lib_a-findfp.o)
 .debug_frame   0x0000000000000cfc       0x88 c:/mounriver/mounriver_studio/toolchain/risc-v embedded gcc/bin/../lib/gcc/riscv-none-embed/8.2.0/../../../../riscv-none-embed/lib/rv32imacxw/ilp32\libg_nano.a(lib_a-fwalk.o)
 .debug_frame   0x0000000000000d84       0x64 c:/mounriver/mounriver_studio/toolchain/risc-v embedded gcc/bin/../lib/gcc/riscv-none-embed/8.2.0/../../../../riscv-none-embed/lib/rv32imacxw/ilp32\libg_nano.a(lib_a-makebuf.o)
 .debug_frame   0x0000000000000de8       0x40 c:/mounriver/mounriver_studio/toolchain/risc-v embedded gcc/bin/../lib/gcc/riscv-none-embed/8.2.0/../../../../riscv-none-embed/lib/rv32imacxw/ilp32\libg_nano.a(lib_a-nano-freer.o)
 .debug_frame   0x0000000000000e28       0x40 c:/mounriver/mounriver_studio/toolchain/risc-v embedded gcc/bin/../lib/gcc/riscv-none-embed/8.2.0/../../../../riscv-none-embed/lib/rv32imacxw/ilp32\libg_nano.a(lib_a-nano-mallocr.o)
 .debug_frame   0x0000000000000e68       0xd0 c:/mounriver/mounriver_studio/toolchain/risc-v embedded gcc/bin/../lib/gcc/riscv-none-embed/8.2.0/../../../../riscv-none-embed/lib/rv32imacxw/ilp32\libg_nano.a(lib_a-nano-vfprintf.o)
 .debug_frame   0x0000000000000f38       0x8c c:/mounriver/mounriver_studio/toolchain/risc-v embedded gcc/bin/../lib/gcc/riscv-none-embed/8.2.0/../../../../riscv-none-embed/lib/rv32imacxw/ilp32\libg_nano.a(lib_a-nano-vfprintf_i.o)
 .debug_frame   0x0000000000000fc4       0x30 c:/mounriver/mounriver_studio/toolchain/risc-v embedded gcc/bin/../lib/gcc/riscv-none-embed/8.2.0/../../../../riscv-none-embed/lib/rv32imacxw/ilp32\libg_nano.a(lib_a-sbrkr.o)
 .debug_frame   0x0000000000000ff4       0xa4 c:/mounriver/mounriver_studio/toolchain/risc-v embedded gcc/bin/../lib/gcc/riscv-none-embed/8.2.0/../../../../riscv-none-embed/lib/rv32imacxw/ilp32\libg_nano.a(lib_a-stdio.o)
 .debug_frame   0x0000000000001098       0x30 c:/mounriver/mounriver_studio/toolchain/risc-v embedded gcc/bin/../lib/gcc/riscv-none-embed/8.2.0/../../../../riscv-none-embed/lib/rv32imacxw/ilp32\libg_nano.a(lib_a-writer.o)
 .debug_frame   0x00000000000010c8       0x30 c:/mounriver/mounriver_studio/toolchain/risc-v embedded gcc/bin/../lib/gcc/riscv-none-embed/8.2.0/../../../../riscv-none-embed/lib/rv32imacxw/ilp32\libg_nano.a(lib_a-closer.o)
 .debug_frame   0x00000000000010f8       0x30 c:/mounriver/mounriver_studio/toolchain/risc-v embedded gcc/bin/../lib/gcc/riscv-none-embed/8.2.0/../../../../riscv-none-embed/lib/rv32imacxw/ilp32\libg_nano.a(lib_a-fstatr.o)
 .debug_frame   0x0000000000001128       0x30 c:/mounriver/mounriver_studio/toolchain/risc-v embedded gcc/bin/../lib/gcc/riscv-none-embed/8.2.0/../../../../riscv-none-embed/lib/rv32imacxw/ilp32\libg_nano.a(lib_a-isattyr.o)
 .debug_frame   0x0000000000001158       0x30 c:/mounriver/mounriver_studio/toolchain/risc-v embedded gcc/bin/../lib/gcc/riscv-none-embed/8.2.0/../../../../riscv-none-embed/lib/rv32imacxw/ilp32\libg_nano.a(lib_a-lseekr.o)
 .debug_frame   0x0000000000001188       0x20 c:/mounriver/mounriver_studio/toolchain/risc-v embedded gcc/bin/../lib/gcc/riscv-none-embed/8.2.0/../../../../riscv-none-embed/lib/rv32imacxw/ilp32\libg_nano.a(lib_a-memchr.o)
 .debug_frame   0x00000000000011a8       0x30 c:/mounriver/mounriver_studio/toolchain/risc-v embedded gcc/bin/../lib/gcc/riscv-none-embed/8.2.0/../../../../riscv-none-embed/lib/rv32imacxw/ilp32\libg_nano.a(lib_a-mlock.o)
 .debug_frame   0x00000000000011d8       0x30 c:/mounriver/mounriver_studio/toolchain/risc-v embedded gcc/bin/../lib/gcc/riscv-none-embed/8.2.0/../../../../riscv-none-embed/lib/rv32imacxw/ilp32\libg_nano.a(lib_a-readr.o)
 .debug_frame   0x0000000000001208       0x70 c:/mounriver/mounriver_studio/toolchain/risc-v embedded gcc/bin/../lib/gcc/riscv-none-embed/8.2.0/../../../../riscv-none-embed/lib/rv32imacxw/ilp32\libg_nano.a(lib_a-reent.o)
 .debug_frame   0x0000000000001278       0x20 c:/mounriver/mounriver_studio/toolchain/risc-v embedded gcc/bin/../lib/gcc/riscv-none-embed/8.2.0/../../../../riscv-none-embed/lib/rv32imacxw/ilp32\libnosys.a(close.o)
 .debug_frame   0x0000000000001298       0x20 c:/mounriver/mounriver_studio/toolchain/risc-v embedded gcc/bin/../lib/gcc/riscv-none-embed/8.2.0/../../../../riscv-none-embed/lib/rv32imacxw/ilp32\libnosys.a(fstat.o)
 .debug_frame   0x00000000000012b8       0x20 c:/mounriver/mounriver_studio/toolchain/risc-v embedded gcc/bin/../lib/gcc/riscv-none-embed/8.2.0/../../../../riscv-none-embed/lib/rv32imacxw/ilp32\libnosys.a(isatty.o)
 .debug_frame   0x00000000000012d8       0x20 c:/mounriver/mounriver_studio/toolchain/risc-v embedded gcc/bin/../lib/gcc/riscv-none-embed/8.2.0/../../../../riscv-none-embed/lib/rv32imacxw/ilp32\libnosys.a(lseek.o)
 .debug_frame   0x00000000000012f8       0x20 c:/mounriver/mounriver_studio/toolchain/risc-v embedded gcc/bin/../lib/gcc/riscv-none-embed/8.2.0/../../../../riscv-none-embed/lib/rv32imacxw/ilp32\libnosys.a(read.o)

.debug_loc      0x0000000000000000     0x21ea
 .debug_loc     0x0000000000000000       0xaa ./User/main.o
 .debug_loc     0x00000000000000aa       0x1f ./User/system_ch32x035.o
 .debug_loc     0x00000000000000c9      0xa41 ./Peripheral/src/ch32x035_adc.o
 .debug_loc     0x0000000000000b0a       0x6e ./Peripheral/src/ch32x035_dbgmcu.o
 .debug_loc     0x0000000000000b78      0x863 ./Peripheral/src/ch32x035_gpio.o
 .debug_loc     0x00000000000013db       0x2d ./Peripheral/src/ch32x035_misc.o
 .debug_loc     0x0000000000001408      0x208 ./Peripheral/src/ch32x035_opa.o
 .debug_loc     0x0000000000001610      0x34e ./Peripheral/src/ch32x035_rcc.o
 .debug_loc     0x000000000000195e      0x715 ./Peripheral/src/ch32x035_usart.o
 .debug_loc     0x0000000000002073      0x177 ./Debug/debug.o

.stab           0x0000000000000000       0x84
 .stab          0x0000000000000000       0x24 c:/mounriver/mounriver_studio/toolchain/risc-v embedded gcc/bin/../lib/gcc/riscv-none-embed/8.2.0/../../../../riscv-none-embed/lib/rv32imacxw/ilp32\libnosys.a(close.o)
 .stab          0x0000000000000024       0x18 c:/mounriver/mounriver_studio/toolchain/risc-v embedded gcc/bin/../lib/gcc/riscv-none-embed/8.2.0/../../../../riscv-none-embed/lib/rv32imacxw/ilp32\libnosys.a(fstat.o)
                                         0x24 (size before relaxing)
 .stab          0x000000000000003c       0x18 c:/mounriver/mounriver_studio/toolchain/risc-v embedded gcc/bin/../lib/gcc/riscv-none-embed/8.2.0/../../../../riscv-none-embed/lib/rv32imacxw/ilp32\libnosys.a(isatty.o)
                                         0x24 (size before relaxing)
 .stab          0x0000000000000054       0x18 c:/mounriver/mounriver_studio/toolchain/risc-v embedded gcc/bin/../lib/gcc/riscv-none-embed/8.2.0/../../../../riscv-none-embed/lib/rv32imacxw/ilp32\libnosys.a(lseek.o)
                                         0x24 (size before relaxing)
 .stab          0x000000000000006c       0x18 c:/mounriver/mounriver_studio/toolchain/risc-v embedded gcc/bin/../lib/gcc/riscv-none-embed/8.2.0/../../../../riscv-none-embed/lib/rv32imacxw/ilp32\libnosys.a(read.o)
                                         0x24 (size before relaxing)

.stabstr        0x0000000000000000      0x117
 .stabstr       0x0000000000000000      0x117 c:/mounriver/mounriver_studio/toolchain/risc-v embedded gcc/bin/../lib/gcc/riscv-none-embed/8.2.0/../../../../riscv-none-embed/lib/rv32imacxw/ilp32\libnosys.a(close.o)
