Archive member included to satisfy reference by file (symbol)

c:/mounriver/mounriver_studio/toolchain/risc-v embedded gcc/bin/../lib/gcc/riscv-none-embed/8.2.0/rv32imacxw/ilp32\libgcc.a(save-restore.o)
                              ./Peripheral/src/ch32x035_flash.o (__riscv_save_7)
c:/mounriver/mounriver_studio/toolchain/risc-v embedded gcc/bin/../lib/gcc/riscv-none-embed/8.2.0/../../../../riscv-none-embed/lib/rv32imacxw/ilp32\libg_nano.a(lib_a-printf.o)
                              ./User/main.o (printf)
c:/mounriver/mounriver_studio/toolchain/risc-v embedded gcc/bin/../lib/gcc/riscv-none-embed/8.2.0/../../../../riscv-none-embed/lib/rv32imacxw/ilp32\libg_nano.a(lib_a-puts.o)
                              ./User/main.o (puts)
c:/mounriver/mounriver_studio/toolchain/risc-v embedded gcc/bin/../lib/gcc/riscv-none-embed/8.2.0/../../../../riscv-none-embed/lib/rv32imacxw/ilp32\libg_nano.a(lib_a-wbuf.o)
                              c:/mounriver/mounriver_studio/toolchain/risc-v embedded gcc/bin/../lib/gcc/riscv-none-embed/8.2.0/../../../../riscv-none-embed/lib/rv32imacxw/ilp32\libg_nano.a(lib_a-puts.o) (__swbuf_r)
c:/mounriver/mounriver_studio/toolchain/risc-v embedded gcc/bin/../lib/gcc/riscv-none-embed/8.2.0/../../../../riscv-none-embed/lib/rv32imacxw/ilp32\libg_nano.a(lib_a-wsetup.o)
                              c:/mounriver/mounriver_studio/toolchain/risc-v embedded gcc/bin/../lib/gcc/riscv-none-embed/8.2.0/../../../../riscv-none-embed/lib/rv32imacxw/ilp32\libg_nano.a(lib_a-puts.o) (__swsetup_r)
c:/mounriver/mounriver_studio/toolchain/risc-v embedded gcc/bin/../lib/gcc/riscv-none-embed/8.2.0/../../../../riscv-none-embed/lib/rv32imacxw/ilp32\libg_nano.a(lib_a-fflush.o)
                              c:/mounriver/mounriver_studio/toolchain/risc-v embedded gcc/bin/../lib/gcc/riscv-none-embed/8.2.0/../../../../riscv-none-embed/lib/rv32imacxw/ilp32\libg_nano.a(lib_a-wbuf.o) (_fflush_r)
c:/mounriver/mounriver_studio/toolchain/risc-v embedded gcc/bin/../lib/gcc/riscv-none-embed/8.2.0/../../../../riscv-none-embed/lib/rv32imacxw/ilp32\libg_nano.a(lib_a-findfp.o)
                              c:/mounriver/mounriver_studio/toolchain/risc-v embedded gcc/bin/../lib/gcc/riscv-none-embed/8.2.0/../../../../riscv-none-embed/lib/rv32imacxw/ilp32\libg_nano.a(lib_a-printf.o) (__sinit)
c:/mounriver/mounriver_studio/toolchain/risc-v embedded gcc/bin/../lib/gcc/riscv-none-embed/8.2.0/../../../../riscv-none-embed/lib/rv32imacxw/ilp32\libg_nano.a(lib_a-fwalk.o)
                              c:/mounriver/mounriver_studio/toolchain/risc-v embedded gcc/bin/../lib/gcc/riscv-none-embed/8.2.0/../../../../riscv-none-embed/lib/rv32imacxw/ilp32\libg_nano.a(lib_a-findfp.o) (_fwalk)
c:/mounriver/mounriver_studio/toolchain/risc-v embedded gcc/bin/../lib/gcc/riscv-none-embed/8.2.0/../../../../riscv-none-embed/lib/rv32imacxw/ilp32\libg_nano.a(lib_a-impure.o)
                              c:/mounriver/mounriver_studio/toolchain/risc-v embedded gcc/bin/../lib/gcc/riscv-none-embed/8.2.0/../../../../riscv-none-embed/lib/rv32imacxw/ilp32\libg_nano.a(lib_a-fflush.o) (_global_impure_ptr)
c:/mounriver/mounriver_studio/toolchain/risc-v embedded gcc/bin/../lib/gcc/riscv-none-embed/8.2.0/../../../../riscv-none-embed/lib/rv32imacxw/ilp32\libg_nano.a(lib_a-makebuf.o)
                              c:/mounriver/mounriver_studio/toolchain/risc-v embedded gcc/bin/../lib/gcc/riscv-none-embed/8.2.0/../../../../riscv-none-embed/lib/rv32imacxw/ilp32\libg_nano.a(lib_a-wsetup.o) (__smakebuf_r)
c:/mounriver/mounriver_studio/toolchain/risc-v embedded gcc/bin/../lib/gcc/riscv-none-embed/8.2.0/../../../../riscv-none-embed/lib/rv32imacxw/ilp32\libg_nano.a(lib_a-memset.o)
                              c:/mounriver/mounriver_studio/toolchain/risc-v embedded gcc/bin/../lib/gcc/riscv-none-embed/8.2.0/../../../../riscv-none-embed/lib/rv32imacxw/ilp32\libg_nano.a(lib_a-findfp.o) (memset)
c:/mounriver/mounriver_studio/toolchain/risc-v embedded gcc/bin/../lib/gcc/riscv-none-embed/8.2.0/../../../../riscv-none-embed/lib/rv32imacxw/ilp32\libg_nano.a(lib_a-nano-freer.o)
                              c:/mounriver/mounriver_studio/toolchain/risc-v embedded gcc/bin/../lib/gcc/riscv-none-embed/8.2.0/../../../../riscv-none-embed/lib/rv32imacxw/ilp32\libg_nano.a(lib_a-wsetup.o) (_free_r)
c:/mounriver/mounriver_studio/toolchain/risc-v embedded gcc/bin/../lib/gcc/riscv-none-embed/8.2.0/../../../../riscv-none-embed/lib/rv32imacxw/ilp32\libg_nano.a(lib_a-nano-mallocr.o)
                              c:/mounriver/mounriver_studio/toolchain/risc-v embedded gcc/bin/../lib/gcc/riscv-none-embed/8.2.0/../../../../riscv-none-embed/lib/rv32imacxw/ilp32\libg_nano.a(lib_a-findfp.o) (_malloc_r)
c:/mounriver/mounriver_studio/toolchain/risc-v embedded gcc/bin/../lib/gcc/riscv-none-embed/8.2.0/../../../../riscv-none-embed/lib/rv32imacxw/ilp32\libg_nano.a(lib_a-nano-vfprintf.o)
[...]
Memory Configuration

Name             Origin             Length             Attributes
FLASH            0x0000000000000000 0x000000000000f800 xr
RAM              0x0000000020000000 0x0000000000005000 xrw
*default*        0x0000000000000000 0xffffffffffffffff

Linker script and memory map

LOAD ./User/ch32x035_it.o
LOAD ./User/main.o
LOAD ./User/system_ch32x035.o
LOAD ./Startup/startup_ch32x035.o
LOAD ./Peripheral/src/ch32x035_adc.o
LOAD ./Peripheral/src/ch32x035_awu.o
LOAD ./Peripheral/src/ch32x035_dbgmcu.o
LOAD ./Peripheral/src/ch32x035_dma.o
LOAD ./Peripheral/src/ch32x035_exti.o
LOAD ./Peripheral/src/ch32x035_flash.o
LOAD ./Peripheral/src/ch32x035_gpio.o
LOAD ./Peripheral/src/ch32x035_i2c.o
LOAD ./Peripheral/src/ch32x035_iwdg.o
LOAD ./Peripheral/src/ch32x035_misc.o
LOAD ./Peripheral/src/ch32x035_opa.o
LOAD ./Peripheral/src/ch32x035_pwr.o
LOAD ./Peripheral/src/ch32x035_rcc.o
LOAD ./Peripheral/src/ch32x035_spi.o
LOAD ./Peripheral/src/ch32x035_tim.o
LOAD ./Peripheral/src/ch32x035_usart.o
LOAD ./Peripheral/src/ch32x035_wwdg.o
LOAD ./Debug/debug.o
LOAD ./Core/core_riscv.o
LOAD c:/mounriver/mounriver_studio/toolchain/risc-v embedded gcc/bin/../lib/gcc/riscv-none-embed/8.2.0/rv32imacxw/ilp32\libgcc.a
LOAD c:/mounriver/mounriver_studio/toolchain/risc-v embedded gcc/bin/../lib/gcc/riscv-none-embed/8.2.0/../../../../riscv-none-embed/lib/rv32imacxw/ilp32\libg_nano.a
LOAD c:/mounriver/mounriver_studio/toolchain/risc-v embedded gcc/bin/../lib/gcc/riscv-none-embed/8.2.0/../../../../riscv-none-embed/lib/rv32imacxw/ilp32\libc_nano.a
LOAD c:/mounriver/mounriver_studio/toolchain/risc-v embedded gcc/bin/../lib/gcc/riscv-none-embed/8.2.0/rv32imacxw/ilp32\libgcc.a
START GROUP
LOAD c:/mounriver/mounriver_studio/toolchain/risc-v embedded gcc/bin/../lib/gcc/riscv-none-embed/8.2.0/rv32imacxw/ilp32\libgcc.a
LOAD c:/mounriver/mounriver_studio/toolchain/risc-v embedded gcc/bin/../lib/gcc/riscv-none-embed/8.2.0/../../../../riscv-none-embed/lib/rv32imacxw/ilp32\libc_nano.a
LOAD c:/mounriver/mounriver_studio/toolchain/risc-v embedded gcc/bin/../lib/gcc/riscv-none-embed/8.2.0/../../../../riscv-none-embed/lib/rv32imacxw/ilp32\libnosys.a
END GROUP
START GROUP
LOAD c:/mounriver/mounriver_studio/toolchain/risc-v embedded gcc/bin/../lib/gcc/riscv-none-embed/8.2.0/rv32imacxw/ilp32\libgcc.a
LOAD c:/mounriver/mounriver_studio/toolchain/risc-v embedded gcc/bin/../lib/gcc/riscv-none-embed/8.2.0/../../../../riscv-none-embed/lib/rv32imacxw/ilp32\libc_nano.a
LOAD c:/mounriver/mounriver_studio/toolchain/risc-v embedded gcc/bin/../lib/gcc/riscv-none-embed/8.2.0/../../../../riscv-none-embed/lib/rv32imacxw/ilp32\libnosys.a
END GROUP
                0x0000000000000800                __stack_size = 0x800
                [!provide]                        PROVIDE (_stack_size = __stack_size)

.init           0x0000000000000000        0x4
                0x0000000000000000                _sinit = .
                0x0000000000000000                . = ALIGN (0x4)
 *(SORT_NONE(.init))
 .init          0x0000000000000000        0x4 ./Startup/startup_ch32x035.o
                0x0000000000000000                _start
                0x0000000000000004                . = ALIGN (0x4)
                0x0000000000000004                _einit = .

.vector         0x0000000000000004       0xfc
 *(.vector)
 .vector        0x0000000000000004       0xdc ./Startup/startup_ch32x035.o
                0x0000000000000100                . = ALIGN (0x40)
 *fill*         0x00000000000000e0       0x20 

.text           0x0000000000000100     0x1b88
                0x0000000000000100                . = ALIGN (0x4)
 *(.text)
 .text          0x0000000000000100       0x60 c:/mounriver/mounriver_studio/toolchain/risc-v embedded gcc/bin/../lib/gcc/riscv-none-embed/8.2.0/rv32imacxw/ilp32\libgcc.a(save-restore.o)
                0x0000000000000100                __riscv_save_12
                0x0000000000000108                __riscv_save_9
                0x0000000000000108                __riscv_save_11
                0x0000000000000108                __riscv_save_10
                0x0000000000000108                __riscv_save_8
                0x0000000000000116                __riscv_save_4
                0x0000000000000116                __riscv_save_6
                0x0000000000000116                __riscv_save_5
                0x0000000000000116                __riscv_save_7
                0x0000000000000130                __riscv_save_3
                0x0000000000000130                __riscv_save_2
                0x0000000000000130                __riscv_save_1
                0x0000000000000130                __riscv_save_0
                0x000000000000013c                __riscv_restore_12
                0x0000000000000140                __riscv_restore_11
                0x0000000000000140                __riscv_restore_9
                0x0000000000000140                __riscv_restore_10
                0x0000000000000140                __riscv_restore_8
                0x000000000000014a                __riscv_restore_5
                0x000000000000014a                __riscv_restore_7
                0x000000000000014a                __riscv_restore_6
                0x000000000000014a                __riscv_restore_4
                0x0000000000000154                __riscv_restore_3
                0x0000000000000154                __riscv_restore_0
                0x0000000000000154                __riscv_restore_2
                0x0000000000000154                __riscv_restore_1
 .text          0x0000000000000160       0xa8 c:/mounriver/mounriver_studio/toolchain/risc-v embedded gcc/bin/../lib/gcc/riscv-none-embed/8.2.0/../../../../riscv-none-embed/lib/rv32imacxw/ilp32\libg_nano.a(lib_a-memset.o)
                0x0000000000000160                memset
 *(.text.*)
 .text.NMI_Handler
                0x0000000000000208        0x2 ./User/ch32x035_it.o
                0x0000000000000208                NMI_Handler
 .text.HardFault_Handler
                0x000000000000020a        0x2 ./User/ch32x035_it.o
                0x000000000000020a                HardFault_Handler
 .text.GPIO_Toggle_INIT
                0x000000000000020c       0xae ./User/main.o
                0x000000000000020c                GPIO_Toggle_INIT
 .text.PWM_WRITE
                0x00000000000002ba       0x46 ./User/main.o
                0x00000000000002ba                PWM_WRITE
 .text.startup.main
                0x0000000000000300       0x68 ./User/main.o
                0x0000000000000300                main
 .text.SystemInit
                0x0000000000000368       0x42 ./User/system_ch32x035.o
                0x0000000000000368                SystemInit
 .text.SystemCoreClockUpdate
                0x00000000000003aa       0x3e ./User/system_ch32x035.o
                0x00000000000003aa                SystemCoreClockUpdate
 .text.vector_handler
                0x00000000000003e8        0x2 ./Startup/startup_ch32x035.o
                0x00000000000003e8                TIM1_CC_IRQHandler
                0x00000000000003e8                TIM2_UP_IRQHandler
                0x00000000000003e8                USBPD_IRQHandler
                0x00000000000003e8                SysTick_Handler
                0x00000000000003e8                PVD_IRQHandler
                0x00000000000003e8                EXTI25_16_IRQHandler
                0x00000000000003e8                USBFS_IRQHandler
                0x00000000000003e8                Break_Point_Handler
                0x00000000000003e8                TIM2_TRG_COM_IRQHandler
                0x00000000000003e8                TIM2_CC_IRQHandler
                0x00000000000003e8                SPI1_IRQHandler
                0x00000000000003e8                AWU_IRQHandler
                0x00000000000003e8                EXTI7_0_IRQHandler
                0x00000000000003e8                Ecall_M_Mode_Handler
                0x00000000000003e8                DMA1_Channel4_IRQHandler
                0x00000000000003e8                ADC1_IRQHandler
                0x00000000000003e8                TIM2_BRK_IRQHandler
                0x00000000000003e8                USART3_IRQHandler
                0x00000000000003e8                DMA1_Channel7_IRQHandler
                0x00000000000003e8                USBPDWakeUp_IRQHandler
                0x00000000000003e8                EXTI15_8_IRQHandler
                0x00000000000003e8                I2C1_EV_IRQHandler
                0x00000000000003e8                USART4_IRQHandler
                0x00000000000003e8                DMA1_Channel6_IRQHandler
                0x00000000000003e8                TIM3_IRQHandler
                0x00000000000003e8                TIM1_TRG_COM_IRQHandler
                0x00000000000003e8                DMA1_Channel1_IRQHandler
                0x00000000000003e8                DMA1_Channel8_IRQHandler
                0x00000000000003e8                PIOC_IRQHandler
                0x00000000000003e8                DMA1_Channel5_IRQHandler
                0x00000000000003e8                DMA1_Channel3_IRQHandler
                0x00000000000003e8                TIM1_UP_IRQHandler
                0x00000000000003e8                WWDG_IRQHandler
                0x00000000000003e8                Ecall_U_Mode_Handler
                0x00000000000003e8                SW_Handler
                0x00000000000003e8                TIM1_BRK_IRQHandler
                0x00000000000003e8                OPA_IRQHandler
                0x00000000000003e8                USART2_IRQHandler
                0x00000000000003e8                DMA1_Channel2_IRQHandler
                0x00000000000003e8                FLASH_IRQHandler
                0x00000000000003e8                USBFSWakeUp_IRQHandler
                0x00000000000003e8                USART1_IRQHandler
                0x00000000000003e8                I2C1_ER_IRQHandler
 .text.handle_reset
                0x00000000000003ea       0x86 ./Startup/startup_ch32x035.o
                0x00000000000003ea                handle_reset
 .text.DBGMCU_GetCHIPID
                0x0000000000000470        0xa ./Peripheral/src/ch32x035_dbgmcu.o
                0x0000000000000470                DBGMCU_GetCHIPID
 .text.GPIO_Init
                0x000000000000047a      0x16e ./Peripheral/src/ch32x035_gpio.o
                0x000000000000047a                GPIO_Init
 .text.NVIC_PriorityGroupConfig
                0x00000000000005e8        0x6 ./Peripheral/src/ch32x035_misc.o
                0x00000000000005e8                NVIC_PriorityGroupConfig
 .text.RCC_GetClocksFreq
                0x00000000000005ee       0x3e ./Peripheral/src/ch32x035_rcc.o
                0x00000000000005ee                RCC_GetClocksFreq
 .text.RCC_APB2PeriphClockCmd
                0x000000000000062c       0x1e ./Peripheral/src/ch32x035_rcc.o
                0x000000000000062c                RCC_APB2PeriphClockCmd
 .text.RCC_APB1PeriphClockCmd
                0x000000000000064a       0x1e ./Peripheral/src/ch32x035_rcc.o
                0x000000000000064a                RCC_APB1PeriphClockCmd
 .text.TIM_TimeBaseInit
                0x0000000000000668       0x56 ./Peripheral/src/ch32x035_tim.o
                0x0000000000000668                TIM_TimeBaseInit
 .text.TIM_OC1Init
                0x00000000000006be       0x72 ./Peripheral/src/ch32x035_tim.o
                0x00000000000006be                TIM_OC1Init
 .text.TIM_OC2Init
                0x0000000000000730       0x9e ./Peripheral/src/ch32x035_tim.o
                0x0000000000000730                TIM_OC2Init
 .text.TIM_Cmd  0x00000000000007ce       0x18 ./Peripheral/src/ch32x035_tim.o
                0x00000000000007ce                TIM_Cmd
 .text.TIM_CtrlPWMOutputs
                0x00000000000007e6       0x16 ./Peripheral/src/ch32x035_tim.o
                0x00000000000007e6                TIM_CtrlPWMOutputs
 .text.TIM_ARRPreloadConfig
                0x00000000000007fc       0x1a ./Peripheral/src/ch32x035_tim.o
                0x00000000000007fc                TIM_ARRPreloadConfig
 .text.TIM_OC1PreloadConfig
                0x0000000000000816        0xe ./Peripheral/src/ch32x035_tim.o
                0x0000000000000816                TIM_OC1PreloadConfig
 .text.TIM_OC2PreloadConfig
                0x0000000000000824       0x16 ./Peripheral/src/ch32x035_tim.o
                0x0000000000000824                TIM_OC2PreloadConfig
 .text.USART_Init
                0x000000000000083a       0x8e ./Peripheral/src/ch32x035_usart.o
                0x000000000000083a                USART_Init
 .text.USART_Cmd
                0x00000000000008c8       0x16 ./Peripheral/src/ch32x035_usart.o
                0x00000000000008c8                USART_Cmd
 .text.USART_SendData
                0x00000000000008de        0x8 ./Peripheral/src/ch32x035_usart.o
                0x00000000000008de                USART_SendData
 .text.USART_GetFlagStatus
                0x00000000000008e6        0xa ./Peripheral/src/ch32x035_usart.o
                0x00000000000008e6                USART_GetFlagStatus
 .text.Delay_Init
                0x00000000000008f0       0x2a ./Debug/debug.o
                0x00000000000008f0                Delay_Init
 .text.Delay_Ms
                0x000000000000091a       0x36 ./Debug/debug.o
                0x000000000000091a                Delay_Ms
 .text.USART_Printf_Init
                0x0000000000000950       0x52 ./Debug/debug.o
                0x0000000000000950                USART_Printf_Init
 .text._write   0x00000000000009a2       0x3a ./Debug/debug.o
                0x00000000000009a2                _write
 .text._sbrk    0x00000000000009dc       0x26 ./Debug/debug.o
                0x00000000000009dc                _sbrk
 .text.printf   0x0000000000000a02       0x40 c:/mounriver/mounriver_studio/toolchain/risc-v embedded gcc/bin/../lib/gcc/riscv-none-embed/8.2.0/../../../../riscv-none-embed/lib/rv32imacxw/ilp32\libg_nano.a(lib_a-printf.o)
                0x0000000000000a02                iprintf
                0x0000000000000a02                printf
 .text._puts_r  0x0000000000000a42       0xd4 c:/mounriver/mounriver_studio/toolchain/risc-v embedded gcc/bin/../lib/gcc/riscv-none-embed/8.2.0/../../../../riscv-none-embed/lib/rv32imacxw/ilp32\libg_nano.a(lib_a-puts.o)
                0x0000000000000a42                _puts_r
 .text.puts     0x0000000000000b16        0xa c:/mounriver/mounriver_studio/toolchain/risc-v embedded gcc/bin/../lib/gcc/riscv-none-embed/8.2.0/../../../../riscv-none-embed/lib/rv32imacxw/ilp32\libg_nano.a(lib_a-puts.o)
                0x0000000000000b16                puts
 .text.__swbuf_r
                0x0000000000000b20       0xbc c:/mounriver/mounriver_studio/toolchain/risc-v embedded gcc/bin/../lib/gcc/riscv-none-embed/8.2.0/../../../../riscv-none-embed/lib/rv32imacxw/ilp32\libg_nano.a(lib_a-wbuf.o)
                0x0000000000000b20                __swbuf_r
 .text.__swsetup_r
                0x0000000000000bdc       0xfc c:/mounriver/mounriver_studio/toolchain/risc-v embedded gcc/bin/../lib/gcc/riscv-none-embed/8.2.0/../../../../riscv-none-embed/lib/rv32imacxw/ilp32\libg_nano.a(lib_a-wsetup.o)
                0x0000000000000bdc                __swsetup_r
 .text.__sflush_r
                0x0000000000000cd8      0x130 c:/mounriver/mounriver_studio/toolchain/risc-v embedded gcc/bin/../lib/gcc/riscv-none-embed/8.2.0/../../../../riscv-none-embed/lib/rv32imacxw/ilp32\libg_nano.a(lib_a-fflush.o)
                0x0000000000000cd8                __sflush_r
 .text._fflush_r
                0x0000000000000e08       0x64 c:/mounriver/mounriver_studio/toolchain/risc-v embedded gcc/bin/../lib/gcc/riscv-none-embed/8.2.0/../../../../riscv-none-embed/lib/rv32imacxw/ilp32\libg_nano.a(lib_a-fflush.o)
                0x0000000000000e08                _fflush_r
 .text.std      0x0000000000000e6c       0x66 c:/mounriver/mounriver_studio/toolchain/risc-v embedded gcc/bin/../lib/gcc/riscv-none-embed/8.2.0/../../../../riscv-none-embed/lib/rv32imacxw/ilp32\libg_nano.a(lib_a-findfp.o)
 .text._cleanup_r
                0x0000000000000ed2        0xa c:/mounriver/mounriver_studio/toolchain/risc-v embedded gcc/bin/../lib/gcc/riscv-none-embed/8.2.0/../../../../riscv-none-embed/lib/rv32imacxw/ilp32\libg_nano.a(lib_a-findfp.o)
                0x0000000000000ed2                _cleanup_r
 .text.__sfmoreglue
                0x0000000000000edc       0x46 c:/mounriver/mounriver_studio/toolchain/risc-v embedded gcc/bin/../lib/gcc/riscv-none-embed/8.2.0/../../../../riscv-none-embed/lib/rv32imacxw/ilp32\libg_nano.a(lib_a-findfp.o)
                0x0000000000000edc                __sfmoreglue
 .text.__sinit  0x0000000000000f22       0x66 c:/mounriver/mounriver_studio/toolchain/risc-v embedded gcc/bin/../lib/gcc/riscv-none-embed/8.2.0/../../../../riscv-none-embed/lib/rv32imacxw/ilp32\libg_nano.a(lib_a-findfp.o)
                0x0000000000000f22                __sinit
 .text.__sfp    0x0000000000000f88       0x9c c:/mounriver/mounriver_studio/toolchain/risc-v embedded gcc/bin/../lib/gcc/riscv-none-embed/8.2.0/../../../../riscv-none-embed/lib/rv32imacxw/ilp32\libg_nano.a(lib_a-findfp.o)
                0x0000000000000f88                __sfp
 .text._fwalk_reent
                0x0000000000001024       0x6a c:/mounriver/mounriver_studio/toolchain/risc-v embedded gcc/bin/../lib/gcc/riscv-none-embed/8.2.0/../../../../riscv-none-embed/lib/rv32imacxw/ilp32\libg_nano.a(lib_a-fwalk.o)
                0x0000000000001024                _fwalk_reent
 .text.__swhatbuf_r
                0x000000000000108e       0x58 c:/mounriver/mounriver_studio/toolchain/risc-v embedded gcc/bin/../lib/gcc/riscv-none-embed/8.2.0/../../../../riscv-none-embed/lib/rv32imacxw/ilp32\libg_nano.a(lib_a-makebuf.o)
                0x000000000000108e                __swhatbuf_r
 .text.__smakebuf_r
                0x00000000000010e6       0x90 c:/mounriver/mounriver_studio/toolchain/risc-v embedded gcc/bin/../lib/gcc/riscv-none-embed/8.2.0/../../../../riscv-none-embed/lib/rv32imacxw/ilp32\libg_nano.a(lib_a-makebuf.o)
                0x00000000000010e6                __smakebuf_r
 .text._free_r  0x0000000000001176       0xa8 c:/mounriver/mounriver_studio/toolchain/risc-v embedded gcc/bin/../lib/gcc/riscv-none-embed/8.2.0/../../../../riscv-none-embed/lib/rv32imacxw/ilp32\libg_nano.a(lib_a-nano-freer.o)
                0x0000000000001176                _free_r
 .text._malloc_r
                0x000000000000121e       0xd4 c:/mounriver/mounriver_studio/toolchain/risc-v embedded gcc/bin/../lib/gcc/riscv-none-embed/8.2.0/../../../../riscv-none-embed/lib/rv32imacxw/ilp32\libg_nano.a(lib_a-nano-mallocr.o)
                0x000000000000121e                _malloc_r
 .text.__sfputc_r
                0x00000000000012f2       0x28 c:/mounriver/mounriver_studio/toolchain/risc-v embedded gcc/bin/../lib/gcc/riscv-none-embed/8.2.0/../../../../riscv-none-embed/lib/rv32imacxw/ilp32\libg_nano.a(lib_a-nano-vfprintf.o)
 .text.__sfputs_r
                0x000000000000131a       0x40 c:/mounriver/mounriver_studio/toolchain/risc-v embedded gcc/bin/../lib/gcc/riscv-none-embed/8.2.0/../../../../riscv-none-embed/lib/rv32imacxw/ilp32\libg_nano.a(lib_a-nano-vfprintf.o)
                0x000000000000131a                __sfputs_r
 .text._vfprintf_r
                0x000000000000135a      0x284 c:/mounriver/mounriver_studio/toolchain/risc-v embedded gcc/bin/../lib/gcc/riscv-none-embed/8.2.0/../../../../riscv-none-embed/lib/rv32imacxw/ilp32\libg_nano.a(lib_a-nano-vfprintf.o)
                0x000000000000135a                _vfprintf_r
                0x000000000000135a                _vfiprintf_r
 .text._printf_common
                0x00000000000015de      0x10c c:/mounriver/mounriver_studio/toolchain/risc-v embedded gcc/bin/../lib/gcc/riscv-none-embed/8.2.0/../../../../riscv-none-embed/lib/rv32imacxw/ilp32\libg_nano.a(lib_a-nano-vfprintf_i.o)
                0x00000000000015de                _printf_common
 .text._printf_i
                0x00000000000016ea      0x2a0 c:/mounriver/mounriver_studio/toolchain/risc-v embedded gcc/bin/../lib/gcc/riscv-none-embed/8.2.0/../../../../riscv-none-embed/lib/rv32imacxw/ilp32\libg_nano.a(lib_a-nano-vfprintf_i.o)
                0x00000000000016ea                _printf_i
 .text._sbrk_r  0x000000000000198a       0x2a c:/mounriver/mounriver_studio/toolchain/risc-v embedded gcc/bin/../lib/gcc/riscv-none-embed/8.2.0/../../../../riscv-none-embed/lib/rv32imacxw/ilp32\libg_nano.a(lib_a-sbrkr.o)
                0x000000000000198a                _sbrk_r
 .text.__sread  0x00000000000019b4       0x2c c:/mounriver/mounriver_studio/toolchain/risc-v embedded gcc/bin/../lib/gcc/riscv-none-embed/8.2.0/../../../../riscv-none-embed/lib/rv32imacxw/ilp32\libg_nano.a(lib_a-stdio.o)
                0x00000000000019b4                __sread
 .text.__swrite
                0x00000000000019e0       0x48 c:/mounriver/mounriver_studio/toolchain/risc-v embedded gcc/bin/../lib/gcc/riscv-none-embed/8.2.0/../../../../riscv-none-embed/lib/rv32imacxw/ilp32\libg_nano.a(lib_a-stdio.o)
                0x00000000000019e0                __swrite
 .text.__sseek  0x0000000000001a28       0x30 c:/mounriver/mounriver_studio/toolchain/risc-v embedded gcc/bin/../lib/gcc/riscv-none-embed/8.2.0/../../../../riscv-none-embed/lib/rv32imacxw/ilp32\libg_nano.a(lib_a-stdio.o)
                0x0000000000001a28                __sseek
 .text.__sclose
                0x0000000000001a58        0x6 c:/mounriver/mounriver_studio/toolchain/risc-v embedded gcc/bin/../lib/gcc/riscv-none-embed/8.2.0/../../../../riscv-none-embed/lib/rv32imacxw/ilp32\libg_nano.a(lib_a-stdio.o)
                0x0000000000001a58                __sclose
 .text._write_r
                0x0000000000001a5e       0x2e c:/mounriver/mounriver_studio/toolchain/risc-v embedded gcc/bin/../lib/gcc/riscv-none-embed/8.2.0/../../../../riscv-none-embed/lib/rv32imacxw/ilp32\libg_nano.a(lib_a-writer.o)
                0x0000000000001a5e                _write_r
 .text._close_r
                0x0000000000001a8c       0x28 c:/mounriver/mounriver_studio/toolchain/risc-v embedded gcc/bin/../lib/gcc/riscv-none-embed/8.2.0/../../../../riscv-none-embed/lib/rv32imacxw/ilp32\libg_nano.a(lib_a-closer.o)
                0x0000000000001a8c                _close_r
 .text._fstat_r
                0x0000000000001ab4       0x2a c:/mounriver/mounriver_studio/toolchain/risc-v embedded gcc/bin/../lib/gcc/riscv-none-embed/8.2.0/../../../../riscv-none-embed/lib/rv32imacxw/ilp32\libg_nano.a(lib_a-fstatr.o)
                0x0000000000001ab4                _fstat_r
 .text._isatty_r
                0x0000000000001ade       0x28 c:/mounriver/mounriver_studio/toolchain/risc-v embedded gcc/bin/../lib/gcc/riscv-none-embed/8.2.0/../../../../riscv-none-embed/lib/rv32imacxw/ilp32\libg_nano.a(lib_a-isattyr.o)
                0x0000000000001ade                _isatty_r
 .text._lseek_r
                0x0000000000001b06       0x2c c:/mounriver/mounriver_studio/toolchain/risc-v embedded gcc/bin/../lib/gcc/riscv-none-embed/8.2.0/../../../../riscv-none-embed/lib/rv32imacxw/ilp32\libg_nano.a(lib_a-lseekr.o)
                0x0000000000001b06                _lseek_r
 .text.memchr   0x0000000000001b32       0x18 c:/mounriver/mounriver_studio/toolchain/risc-v embedded gcc/bin/../lib/gcc/riscv-none-embed/8.2.0/../../../../riscv-none-embed/lib/rv32imacxw/ilp32\libg_nano.a(lib_a-memchr.o)
                0x0000000000001b32                memchr
 .text.__malloc_lock
                0x0000000000001b4a        0x2 c:/mounriver/mounriver_studio/toolchain/risc-v embedded gcc/bin/../lib/gcc/riscv-none-embed/8.2.0/../../../../riscv-none-embed/lib/rv32imacxw/ilp32\libg_nano.a(lib_a-mlock.o)
                0x0000000000001b4a                __malloc_lock
 .text.__malloc_unlock
                0x0000000000001b4c        0x2 c:/mounriver/mounriver_studio/toolchain/risc-v embedded gcc/bin/../lib/gcc/riscv-none-embed/8.2.0/../../../../riscv-none-embed/lib/rv32imacxw/ilp32\libg_nano.a(lib_a-mlock.o)
                0x0000000000001b4c                __malloc_unlock
 .text._read_r  0x0000000000001b4e       0x2c c:/mounriver/mounriver_studio/toolchain/risc-v embedded gcc/bin/../lib/gcc/riscv-none-embed/8.2.0/../../../../riscv-none-embed/lib/rv32imacxw/ilp32\libg_nano.a(lib_a-readr.o)
                0x0000000000001b4e                _read_r
 .text._close   0x0000000000001b7a        0xc c:/mounriver/mounriver_studio/toolchain/risc-v embedded gcc/bin/../lib/gcc/riscv-none-embed/8.2.0/../../../../riscv-none-embed/lib/rv32imacxw/ilp32\libnosys.a(close.o)
                0x0000000000001b7a                _close
 .text._fstat   0x0000000000001b86        0xc c:/mounriver/mounriver_studio/toolchain/risc-v embedded gcc/bin/../lib/gcc/riscv-none-embed/8.2.0/../../../../riscv-none-embed/lib/rv32imacxw/ilp32\libnosys.a(fstat.o)
                0x0000000000001b86                _fstat
 .text._isatty  0x0000000000001b92        0xc c:/mounriver/mounriver_studio/toolchain/risc-v embedded gcc/bin/../lib/gcc/riscv-none-embed/8.2.0/../../../../riscv-none-embed/lib/rv32imacxw/ilp32\libnosys.a(isatty.o)
                0x0000000000001b92                _isatty
 .text._lseek   0x0000000000001b9e        0xc c:/mounriver/mounriver_studio/toolchain/risc-v embedded gcc/bin/../lib/gcc/riscv-none-embed/8.2.0/../../../../riscv-none-embed/lib/rv32imacxw/ilp32\libnosys.a(lseek.o)
                0x0000000000001b9e                _lseek
 .text._read    0x0000000000001baa        0xc c:/mounriver/mounriver_studio/toolchain/risc-v embedded gcc/bin/../lib/gcc/riscv-none-embed/8.2.0/../../../../riscv-none-embed/lib/rv32imacxw/ilp32\libnosys.a(read.o)
                0x0000000000001baa                _read
 *(.rodata)
 *(.rodata*)
 *fill*         0x0000000000001bb6        0x2 
 .rodata.main.str1.4
                0x0000000000001bb8       0x32 ./User/main.o
 *fill*         0x0000000000001bea        0x2 
 .rodata.__sf_fake_stderr
                0x0000000000001bec       0x20 c:/mounriver/mounriver_studio/toolchain/risc-v embedded gcc/bin/../lib/gcc/riscv-none-embed/8.2.0/../../../../riscv-none-embed/lib/rv32imacxw/ilp32\libg_nano.a(lib_a-findfp.o)
                0x0000000000001bec                __sf_fake_stderr
 .rodata.__sf_fake_stdin
                0x0000000000001c0c       0x20 c:/mounriver/mounriver_studio/toolchain/risc-v embedded gcc/bin/../lib/gcc/riscv-none-embed/8.2.0/../../../../riscv-none-embed/lib/rv32imacxw/ilp32\libg_nano.a(lib_a-findfp.o)
                0x0000000000001c0c                __sf_fake_stdin
 .rodata.__sf_fake_stdout
                0x0000000000001c2c       0x20 c:/mounriver/mounriver_studio/toolchain/risc-v embedded gcc/bin/../lib/gcc/riscv-none-embed/8.2.0/../../../../riscv-none-embed/lib/rv32imacxw/ilp32\libg_nano.a(lib_a-findfp.o)
                0x0000000000001c2c                __sf_fake_stdout
 .rodata._vfprintf_r.str1.4
                0x0000000000001c4c       0x13 c:/mounriver/mounriver_studio/toolchain/risc-v embedded gcc/bin/../lib/gcc/riscv-none-embed/8.2.0/../../../../riscv-none-embed/lib/rv32imacxw/ilp32\libg_nano.a(lib_a-nano-vfprintf.o)
 *fill*         0x0000000000001c5f        0x1 
 .rodata._printf_i.str1.4
                0x0000000000001c60       0x28 c:/mounriver/mounriver_studio/toolchain/risc-v embedded gcc/bin/../lib/gcc/riscv-none-embed/8.2.0/../../../../riscv-none-embed/lib/rv32imacxw/ilp32\libg_nano.a(lib_a-nano-vfprintf_i.o)
                                         0x25 (size before relaxing)
 *(.gnu.linkonce.t.*)
                0x0000000000001c88                . = ALIGN (0x4)

.rela.dyn       0x0000000000001c88        0x0
 .rela.init     0x0000000000001c88        0x0 ./User/ch32x035_it.o
 .rela.vector   0x0000000000001c88        0x0 ./User/ch32x035_it.o
 .rela.text.handle_reset
                0x0000000000001c88        0x0 ./User/ch32x035_it.o
 .rela.text._sbrk
                0x0000000000001c88        0x0 ./User/ch32x035_it.o
 .rela.sdata.curbrk.4333
                0x0000000000001c88        0x0 ./User/ch32x035_it.o
 .rela.text._vfprintf_r
                0x0000000000001c88        0x0 ./User/ch32x035_it.o
 .rela.text._sbrk_r
                0x0000000000001c88        0x0 ./User/ch32x035_it.o
 .rela.text._write_r
                0x0000000000001c88        0x0 ./User/ch32x035_it.o
 .rela.text._close_r
                0x0000000000001c88        0x0 ./User/ch32x035_it.o
 .rela.text._fstat_r
                0x0000000000001c88        0x0 ./User/ch32x035_it.o
 .rela.text._isatty_r
                0x0000000000001c88        0x0 ./User/ch32x035_it.o
 .rela.text._lseek_r
                0x0000000000001c88        0x0 ./User/ch32x035_it.o
 .rela.text._read_r
                0x0000000000001c88        0x0 ./User/ch32x035_it.o
 .rela.text._close
                0x0000000000001c88        0x0 ./User/ch32x035_it.o
 .rela.text._fstat
                0x0000000000001c88        0x0 ./User/ch32x035_it.o
 .rela.text._isatty
                0x0000000000001c88        0x0 ./User/ch32x035_it.o
 .rela.text._lseek
                0x0000000000001c88        0x0 ./User/ch32x035_it.o
 .rela.text._read
                0x0000000000001c88        0x0 ./User/ch32x035_it.o

.fini           0x0000000000001c88        0x0
 *(SORT_NONE(.fini))
                0x0000000000001c88                . = ALIGN (0x4)
                [!provide]                        PROVIDE (_etext = .)
                [!provide]                        PROVIDE (_eitcm = .)

.preinit_array  0x0000000000001c88        0x0
                [!provide]                        PROVIDE (__preinit_array_start = .)
 *(.preinit_array)
                [!provide]                        PROVIDE (__preinit_array_end = .)

.init_array     0x0000000000001c88        0x0
                [!provide]                        PROVIDE (__init_array_start = .)
 *(SORT_BY_INIT_PRIORITY(.init_array.*) SORT_BY_INIT_PRIORITY(.ctors.*))
 *(.init_array EXCLUDE_FILE(*crtend?.o *crtend.o *crtbegin?.o *crtbegin.o) .ctors)
                [!provide]                        PROVIDE (__init_array_end = .)

.fini_array     0x0000000000001c88        0x0
                [!provide]                        PROVIDE (__fini_array_start = .)
 *(SORT_BY_INIT_PRIORITY(.fini_array.*) SORT_BY_INIT_PRIORITY(.dtors.*))
 *(.fini_array EXCLUDE_FILE(*crtend?.o *crtend.o *crtbegin?.o *crtbegin.o) .dtors)
                [!provide]                        PROVIDE (__fini_array_end = .)

.ctors
 *crtbegin.o(.ctors)
 *crtbegin?.o(.ctors)
 *(EXCLUDE_FILE(*crtend?.o *crtend.o) .ctors)
 *(SORT_BY_NAME(.ctors.*))
 *(.ctors)

.dtors
 *crtbegin.o(.dtors)
 *crtbegin?.o(.dtors)
 *(EXCLUDE_FILE(*crtend?.o *crtend.o) .dtors)
 *(SORT_BY_NAME(.dtors.*))
 *(.dtors)

.dalign         0x0000000020000000        0x0 load address 0x0000000000001c88
                0x0000000020000000                . = ALIGN (0x4)
                0x0000000020000000                PROVIDE (_data_vma = .)

.dlalign        0x0000000000001c88        0x0
                0x0000000000001c88                . = ALIGN (0x4)
                0x0000000000001c88                PROVIDE (_data_lma = .)

.data           0x0000000020000000       0xa0 load address 0x0000000000001c88
 *(.gnu.linkonce.r.*)
 *(.data .data.*)
 .data.AHBPrescTable
                0x0000000020000000       0x10 ./User/system_ch32x035.o
                0x0000000020000000                AHBPrescTable
 .data.APBAHBPrescTable
                0x0000000020000010       0x10 ./Peripheral/src/ch32x035_rcc.o
 .data.impure_data
                0x0000000020000020       0x60 c:/mounriver/mounriver_studio/toolchain/risc-v embedded gcc/bin/../lib/gcc/riscv-none-embed/8.2.0/../../../../riscv-none-embed/lib/rv32imacxw/ilp32\libg_nano.a(lib_a-impure.o)
 *(.gnu.linkonce.d.*)
                0x0000000020000080                . = ALIGN (0x8)
                0x0000000020000880                PROVIDE (__global_pointer$ = (. + 0x800))
 *(.sdata .sdata.*)
 .sdata.SystemCoreClock
                0x0000000020000080        0x4 ./User/system_ch32x035.o
                0x0000000020000080                SystemCoreClock
 .sdata.CFGHR_tmpA
                0x0000000020000084        0x4 ./Peripheral/src/ch32x035_gpio.o
                0x0000000020000084                CFGHR_tmpA
 .sdata.CFGHR_tmpB
                0x0000000020000088        0x4 ./Peripheral/src/ch32x035_gpio.o
                0x0000000020000088                CFGHR_tmpB
 .sdata.CFGHR_tmpC
                0x000000002000008c        0x4 ./Peripheral/src/ch32x035_gpio.o
                0x000000002000008c                CFGHR_tmpC
 .sdata.curbrk.4333
                0x0000000020000090        0x4 ./Debug/debug.o
 .sdata._impure_ptr
                0x0000000020000094        0x4 c:/mounriver/mounriver_studio/toolchain/risc-v embedded gcc/bin/../lib/gcc/riscv-none-embed/8.2.0/../../../../riscv-none-embed/lib/rv32imacxw/ilp32\libg_nano.a(lib_a-impure.o)
                0x0000000020000094                _impure_ptr
 *(.sdata2.*)
 .sdata2._global_impure_ptr
                0x0000000020000098        0x4 c:/mounriver/mounriver_studio/toolchain/risc-v embedded gcc/bin/../lib/gcc/riscv-none-embed/8.2.0/../../../../riscv-none-embed/lib/rv32imacxw/ilp32\libg_nano.a(lib_a-impure.o)
                0x0000000020000098                _global_impure_ptr
 *(.gnu.linkonce.s.*)
                0x00000000200000a0                . = ALIGN (0x8)
 *fill*         0x000000002000009c        0x4 
 *(.srodata.cst16)
 *(.srodata.cst8)
 *(.srodata.cst4)
 *(.srodata.cst2)
 *(.srodata .srodata.*)
                0x00000000200000a0                . = ALIGN (0x4)
                0x00000000200000a0                PROVIDE (_edata = .)

.bss            0x00000000200000a0       0x14 load address 0x0000000000001d28
                0x00000000200000a0                . = ALIGN (0x4)
                0x00000000200000a0                PROVIDE (_sbss = .)
 *(.sbss*)
 .sbss.NVIC_Priority_Group
                0x00000000200000a0        0x4 ./Peripheral/src/ch32x035_misc.o
                0x00000000200000a0                NVIC_Priority_Group
 .sbss.p_ms     0x00000000200000a4        0x2 ./Debug/debug.o
 .sbss.p_us     0x00000000200000a6        0x1 ./Debug/debug.o
 *fill*         0x00000000200000a7        0x1 
 .sbss.__malloc_free_list
                0x00000000200000a8        0x4 c:/mounriver/mounriver_studio/toolchain/risc-v embedded gcc/bin/../lib/gcc/riscv-none-embed/8.2.0/../../../../riscv-none-embed/lib/rv32imacxw/ilp32\libg_nano.a(lib_a-nano-mallocr.o)
                0x00000000200000a8                __malloc_free_list
 .sbss.__malloc_sbrk_start
                0x00000000200000ac        0x4 c:/mounriver/mounriver_studio/toolchain/risc-v embedded gcc/bin/../lib/gcc/riscv-none-embed/8.2.0/../../../../riscv-none-embed/lib/rv32imacxw/ilp32\libg_nano.a(lib_a-nano-mallocr.o)
                0x00000000200000ac                __malloc_sbrk_start
 *(.gnu.linkonce.sb.*)
 *(.bss*)
 *(.gnu.linkonce.b.*)
 *(COMMON*)
 COMMON         0x00000000200000b0        0x4 c:/mounriver/mounriver_studio/toolchain/risc-v embedded gcc/bin/../lib/gcc/riscv-none-embed/8.2.0/../../../../riscv-none-embed/lib/rv32imacxw/ilp32\libg_nano.a(lib_a-reent.o)
                0x00000000200000b0                errno
                0x00000000200000b4                . = ALIGN (0x4)
                0x00000000200000b4                PROVIDE (_ebss = .)
                0x00000000200000b4                PROVIDE (_end = _ebss)
                [!provide]                        PROVIDE (end = .)

.stack          0x0000000020004800      0x800
                0x0000000020004800                PROVIDE (_heap_end = .)
                0x0000000020004800                . = ALIGN (0x4)
                [!provide]                        PROVIDE (_susrstack = .)
                0x0000000020005000                . = (. + __stack_size)
 *fill*         0x0000000020004800      0x800 
                0x0000000020005000                PROVIDE (_eusrstack = .)
OUTPUT(CH32X035F7P6.elf elf32-littleriscv)

.debug_info     0x0000000000000000     0xae0c
 .debug_info    0x0000000000000000      0x962 ./User/ch32x035_it.o
 .debug_info    0x0000000000000962     0x1330 ./User/main.o
 .debug_info    0x0000000000001c92      0xb56 ./User/system_ch32x035.o
 .debug_info    0x00000000000027e8       0x22 ./Startup/startup_ch32x035.o
 .debug_info    0x000000000000280a      0xa94 ./Peripheral/src/ch32x035_dbgmcu.o
 .debug_info    0x000000000000329e     0x11c9 ./Peripheral/src/ch32x035_gpio.o
 .debug_info    0x0000000000004467      0xe36 ./Peripheral/src/ch32x035_misc.o
 .debug_info    0x000000000000529d      0xd8f ./Peripheral/src/ch32x035_rcc.o
 .debug_info    0x000000000000602c     0x2b87 ./Peripheral/src/ch32x035_tim.o
 .debug_info    0x0000000000008bb3     0x1333 ./Peripheral/src/ch32x035_usart.o
 .debug_info    0x0000000000009ee6      0xf26 ./Debug/debug.o

.debug_abbrev   0x0000000000000000     0x1d72
 .debug_abbrev  0x0000000000000000      0x1cf ./User/ch32x035_it.o
 .debug_abbrev  0x00000000000001cf      0x2db ./User/main.o
 .debug_abbrev  0x00000000000004aa      0x258 ./User/system_ch32x035.o
 .debug_abbrev  0x0000000000000702       0x12 ./Startup/startup_ch32x035.o
 .debug_abbrev  0x0000000000000714      0x2f7 ./Peripheral/src/ch32x035_dbgmcu.o
 .debug_abbrev  0x0000000000000a0b      0x34b ./Peripheral/src/ch32x035_gpio.o
 .debug_abbrev  0x0000000000000d56      0x2ea ./Peripheral/src/ch32x035_misc.o
 .debug_abbrev  0x0000000000001040      0x326 ./Peripheral/src/ch32x035_rcc.o
 .debug_abbrev  0x0000000000001366      0x418 ./Peripheral/src/ch32x035_tim.o
 .debug_abbrev  0x000000000000177e      0x312 ./Peripheral/src/ch32x035_usart.o
 .debug_abbrev  0x0000000000001a90      0x2e2 ./Debug/debug.o

.debug_aranges  0x0000000000000000      0x668
 .debug_aranges
                0x0000000000000000       0x28 ./User/ch32x035_it.o
 .debug_aranges
                0x0000000000000028       0x30 ./User/main.o
 .debug_aranges
                0x0000000000000058       0x28 ./User/system_ch32x035.o
 .debug_aranges
                0x0000000000000080       0x30 ./Startup/startup_ch32x035.o
 .debug_aranges
                0x00000000000000b0       0x48 ./Peripheral/src/ch32x035_dbgmcu.o
 .debug_aranges
                0x00000000000000f8       0x98 ./Peripheral/src/ch32x035_gpio.o
 .debug_aranges
                0x0000000000000190       0x28 ./Peripheral/src/ch32x035_misc.o
 .debug_aranges
                0x00000000000001b8       0x80 ./Peripheral/src/ch32x035_rcc.o
 .debug_aranges
                0x0000000000000238      0x2f0 ./Peripheral/src/ch32x035_tim.o
 .debug_aranges
                0x0000000000000528       0xf0 ./Peripheral/src/ch32x035_usart.o
 .debug_aranges
                0x0000000000000618       0x50 ./Debug/debug.o

.debug_ranges   0x0000000000000000      0x638
 .debug_ranges  0x0000000000000000       0x18 ./User/ch32x035_it.o
 .debug_ranges  0x0000000000000018       0x20 ./User/main.o
 .debug_ranges  0x0000000000000038       0x18 ./User/system_ch32x035.o
 .debug_ranges  0x0000000000000050       0x28 ./Startup/startup_ch32x035.o
 .debug_ranges  0x0000000000000078       0x50 ./Peripheral/src/ch32x035_dbgmcu.o
 .debug_ranges  0x00000000000000c8       0x88 ./Peripheral/src/ch32x035_gpio.o
 .debug_ranges  0x0000000000000150       0x48 ./Peripheral/src/ch32x035_misc.o
 .debug_ranges  0x0000000000000198       0x70 ./Peripheral/src/ch32x035_rcc.o
 .debug_ranges  0x0000000000000208      0x310 ./Peripheral/src/ch32x035_tim.o
 .debug_ranges  0x0000000000000518       0xe0 ./Peripheral/src/ch32x035_usart.o
 .debug_ranges  0x00000000000005f8       0x40 ./Debug/debug.o

.debug_line     0x0000000000000000     0x7461
 .debug_line    0x0000000000000000      0x22c ./User/ch32x035_it.o
 .debug_line    0x000000000000022c      0x622 ./User/main.o
 .debug_line    0x000000000000084e      0x362 ./User/system_ch32x035.o
 .debug_line    0x0000000000000bb0      0x11e ./Startup/startup_ch32x035.o
 .debug_line    0x0000000000000cce      0x35b ./Peripheral/src/ch32x035_dbgmcu.o
 .debug_line    0x0000000000001029     0x11ff ./Peripheral/src/ch32x035_gpio.o
 .debug_line    0x0000000000002228      0x3a8 ./Peripheral/src/ch32x035_misc.o
 .debug_line    0x00000000000025d0      0x791 ./Peripheral/src/ch32x035_rcc.o
 .debug_line    0x0000000000002d61     0x31b5 ./Peripheral/src/ch32x035_tim.o
 .debug_line    0x0000000000005f16      0xe41 ./Peripheral/src/ch32x035_usart.o
 .debug_line    0x0000000000006d57      0x70a ./Debug/debug.o

.debug_str      0x0000000000000000     0x223a
 .debug_str     0x0000000000000000      0x540 ./User/ch32x035_it.o
                                        0x5a1 (size before relaxing)
 .debug_str     0x0000000000000540      0x545 ./User/main.o
                                        0xad4 (size before relaxing)
 .debug_str     0x0000000000000a85       0xd0 ./User/system_ch32x035.o
                                        0x69f (size before relaxing)
 .debug_str     0x0000000000000b55       0x2a ./Startup/startup_ch32x035.o
                                         0x51 (size before relaxing)
 .debug_str     0x0000000000000b7f       0x97 ./Peripheral/src/ch32x035_dbgmcu.o
                                        0x631 (size before relaxing)
 .debug_str     0x0000000000000c16      0x228 ./Peripheral/src/ch32x035_gpio.o
                                        0x937 (size before relaxing)
 .debug_str     0x0000000000000e3e      0x3e2 ./Peripheral/src/ch32x035_misc.o
                                        0x9fc (size before relaxing)
 .debug_str     0x0000000000001220      0x1ad ./Peripheral/src/ch32x035_rcc.o
                                        0x83b (size before relaxing)
 .debug_str     0x00000000000013cd      0x9f3 ./Peripheral/src/ch32x035_tim.o
                                       0x136b (size before relaxing)
 .debug_str     0x0000000000001dc0      0x3e9 ./Peripheral/src/ch32x035_usart.o
                                        0xac4 (size before relaxing)
 .debug_str     0x00000000000021a9       0x91 ./Debug/debug.o
                                        0x8c5 (size before relaxing)

.comment        0x0000000000000000       0x33
 .comment       0x0000000000000000       0x33 ./User/ch32x035_it.o
                                         0x34 (size before relaxing)
 .comment       0x0000000000000033       0x34 ./User/main.o
 .comment       0x0000000000000033       0x34 ./User/system_ch32x035.o
 .comment       0x0000000000000033       0x34 ./Peripheral/src/ch32x035_dbgmcu.o
 .comment       0x0000000000000033       0x34 ./Peripheral/src/ch32x035_gpio.o
 .comment       0x0000000000000033       0x34 ./Peripheral/src/ch32x035_misc.o
 .comment       0x0000000000000033       0x34 ./Peripheral/src/ch32x035_rcc.o
 .comment       0x0000000000000033       0x34 ./Peripheral/src/ch32x035_tim.o
 .comment       0x0000000000000033       0x34 ./Peripheral/src/ch32x035_usart.o
 .comment       0x0000000000000033       0x34 ./Debug/debug.o

.debug_frame    0x0000000000000000     0x15b4
 .debug_frame   0x0000000000000000       0x30 ./User/ch32x035_it.o
 .debug_frame   0x0000000000000030       0x74 ./User/main.o
 .debug_frame   0x00000000000000a4       0x30 ./User/system_ch32x035.o
 .debug_frame   0x00000000000000d4       0x70 ./Peripheral/src/ch32x035_dbgmcu.o
 .debug_frame   0x0000000000000144      0x140 ./Peripheral/src/ch32x035_gpio.o
 .debug_frame   0x0000000000000284       0x30 ./Peripheral/src/ch32x035_misc.o
 .debug_frame   0x00000000000002b4       0xfc ./Peripheral/src/ch32x035_rcc.o
 .debug_frame   0x00000000000003b0      0x654 ./Peripheral/src/ch32x035_tim.o
 .debug_frame   0x0000000000000a04      0x1e4 ./Peripheral/src/ch32x035_usart.o
 .debug_frame   0x0000000000000be8       0xb8 ./Debug/debug.o
 .debug_frame   0x0000000000000ca0       0x54 c:/mounriver/mounriver_studio/toolchain/risc-v embedded gcc/bin/../lib/gcc/riscv-none-embed/8.2.0/../../../../riscv-none-embed/lib/rv32imacxw/ilp32\libg_nano.a(lib_a-printf.o)
 .debug_frame   0x0000000000000cf4       0x54 c:/mounriver/mounriver_studio/toolchain/risc-v embedded gcc/bin/../lib/gcc/riscv-none-embed/8.2.0/../../../../riscv-none-embed/lib/rv32imacxw/ilp32\libg_nano.a(lib_a-puts.o)
 .debug_frame   0x0000000000000d48       0x50 c:/mounriver/mounriver_studio/toolchain/risc-v embedded gcc/bin/../lib/gcc/riscv-none-embed/8.2.0/../../../../riscv-none-embed/lib/rv32imacxw/ilp32\libg_nano.a(lib_a-wbuf.o)
 .debug_frame   0x0000000000000d98       0x3c c:/mounriver/mounriver_studio/toolchain/risc-v embedded gcc/bin/../lib/gcc/riscv-none-embed/8.2.0/../../../../riscv-none-embed/lib/rv32imacxw/ilp32\libg_nano.a(lib_a-wsetup.o)
 .debug_frame   0x0000000000000dd4       0x7c c:/mounriver/mounriver_studio/toolchain/risc-v embedded gcc/bin/../lib/gcc/riscv-none-embed/8.2.0/../../../../riscv-none-embed/lib/rv32imacxw/ilp32\libg_nano.a(lib_a-fflush.o)
 .debug_frame   0x0000000000000e50      0x148 c:/mounriver/mounriver_studio/toolchain/risc-v embedded gcc/bin/../lib/gcc/riscv-none-embed/8.2.0/../../../../riscv-none-embed/lib/rv32imacxw/ilp32\libg_nano.a(lib_a-findfp.o)
 .debug_frame   0x0000000000000f98       0x88 c:/mounriver/mounriver_studio/toolchain/risc-v embedded gcc/bin/../lib/gcc/riscv-none-embed/8.2.0/../../../../riscv-none-embed/lib/rv32imacxw/ilp32\libg_nano.a(lib_a-fwalk.o)
 .debug_frame   0x0000000000001020       0x64 c:/mounriver/mounriver_studio/toolchain/risc-v embedded gcc/bin/../lib/gcc/riscv-none-embed/8.2.0/../../../../riscv-none-embed/lib/rv32imacxw/ilp32\libg_nano.a(lib_a-makebuf.o)
 .debug_frame   0x0000000000001084       0x40 c:/mounriver/mounriver_studio/toolchain/risc-v embedded gcc/bin/../lib/gcc/riscv-none-embed/8.2.0/../../../../riscv-none-embed/lib/rv32imacxw/ilp32\libg_nano.a(lib_a-nano-freer.o)
 .debug_frame   0x00000000000010c4       0x40 c:/mounriver/mounriver_studio/toolchain/risc-v embedded gcc/bin/../lib/gcc/riscv-none-embed/8.2.0/../../../../riscv-none-embed/lib/rv32imacxw/ilp32\libg_nano.a(lib_a-nano-mallocr.o)
 .debug_frame   0x0000000000001104       0xd0 c:/mounriver/mounriver_studio/toolchain/risc-v embedded gcc/bin/../lib/gcc/riscv-none-embed/8.2.0/../../../../riscv-none-embed/lib/rv32imacxw/ilp32\libg_nano.a(lib_a-nano-vfprintf.o)
 .debug_frame   0x00000000000011d4       0x8c c:/mounriver/mounriver_studio/toolchain/risc-v embedded gcc/bin/../lib/gcc/riscv-none-embed/8.2.0/../../../../riscv-none-embed/lib/rv32imacxw/ilp32\libg_nano.a(lib_a-nano-vfprintf_i.o)
 .debug_frame   0x0000000000001260       0x30 c:/mounriver/mounriver_studio/toolchain/risc-v embedded gcc/bin/../lib/gcc/riscv-none-embed/8.2.0/../../../../riscv-none-embed/lib/rv32imacxw/ilp32\libg_nano.a(lib_a-sbrkr.o)
 .debug_frame   0x0000000000001290       0xa4 c:/mounriver/mounriver_studio/toolchain/risc-v embedded gcc/bin/../lib/gcc/riscv-none-embed/8.2.0/../../../../riscv-none-embed/lib/rv32imacxw/ilp32\libg_nano.a(lib_a-stdio.o)
 .debug_frame   0x0000000000001334       0x30 c:/mounriver/mounriver_studio/toolchain/risc-v embedded gcc/bin/../lib/gcc/riscv-none-embed/8.2.0/../../../../riscv-none-embed/lib/rv32imacxw/ilp32\libg_nano.a(lib_a-writer.o)
 .debug_frame   0x0000000000001364       0x30 c:/mounriver/mounriver_studio/toolchain/risc-v embedded gcc/bin/../lib/gcc/riscv-none-embed/8.2.0/../../../../riscv-none-embed/lib/rv32imacxw/ilp32\libg_nano.a(lib_a-closer.o)
 .debug_frame   0x0000000000001394       0x30 c:/mounriver/mounriver_studio/toolchain/risc-v embedded gcc/bin/../lib/gcc/riscv-none-embed/8.2.0/../../../../riscv-none-embed/lib/rv32imacxw/ilp32\libg_nano.a(lib_a-fstatr.o)
 .debug_frame   0x00000000000013c4       0x30 c:/mounriver/mounriver_studio/toolchain/risc-v embedded gcc/bin/../lib/gcc/riscv-none-embed/8.2.0/../../../../riscv-none-embed/lib/rv32imacxw/ilp32\libg_nano.a(lib_a-isattyr.o)
 .debug_frame   0x00000000000013f4       0x30 c:/mounriver/mounriver_studio/toolchain/risc-v embedded gcc/bin/../lib/gcc/riscv-none-embed/8.2.0/../../../../riscv-none-embed/lib/rv32imacxw/ilp32\libg_nano.a(lib_a-lseekr.o)
 .debug_frame   0x0000000000001424       0x20 c:/mounriver/mounriver_studio/toolchain/risc-v embedded gcc/bin/../lib/gcc/riscv-none-embed/8.2.0/../../../../riscv-none-embed/lib/rv32imacxw/ilp32\libg_nano.a(lib_a-memchr.o)
 .debug_frame   0x0000000000001444       0x30 c:/mounriver/mounriver_studio/toolchain/risc-v embedded gcc/bin/../lib/gcc/riscv-none-embed/8.2.0/../../../../riscv-none-embed/lib/rv32imacxw/ilp32\libg_nano.a(lib_a-mlock.o)
 .debug_frame   0x0000000000001474       0x30 c:/mounriver/mounriver_studio/toolchain/risc-v embedded gcc/bin/../lib/gcc/riscv-none-embed/8.2.0/../../../../riscv-none-embed/lib/rv32imacxw/ilp32\libg_nano.a(lib_a-readr.o)
 .debug_frame   0x00000000000014a4       0x70 c:/mounriver/mounriver_studio/toolchain/risc-v embedded gcc/bin/../lib/gcc/riscv-none-embed/8.2.0/../../../../riscv-none-embed/lib/rv32imacxw/ilp32\libg_nano.a(lib_a-reent.o)
 .debug_frame   0x0000000000001514       0x20 c:/mounriver/mounriver_studio/toolchain/risc-v embedded gcc/bin/../lib/gcc/riscv-none-embed/8.2.0/../../../../riscv-none-embed/lib/rv32imacxw/ilp32\libnosys.a(close.o)
 .debug_frame   0x0000000000001534       0x20 c:/mounriver/mounriver_studio/toolchain/risc-v embedded gcc/bin/../lib/gcc/riscv-none-embed/8.2.0/../../../../riscv-none-embed/lib/rv32imacxw/ilp32\libnosys.a(fstat.o)
 .debug_frame   0x0000000000001554       0x20 c:/mounriver/mounriver_studio/toolchain/risc-v embedded gcc/bin/../lib/gcc/riscv-none-embed/8.2.0/../../../../riscv-none-embed/lib/rv32imacxw/ilp32\libnosys.a(isatty.o)
 .debug_frame   0x0000000000001574       0x20 c:/mounriver/mounriver_studio/toolchain/risc-v embedded gcc/bin/../lib/gcc/riscv-none-embed/8.2.0/../../../../riscv-none-embed/lib/rv32imacxw/ilp32\libnosys.a(lseek.o)
 .debug_frame   0x0000000000001594       0x20 c:/mounriver/mounriver_studio/toolchain/risc-v embedded gcc/bin/../lib/gcc/riscv-none-embed/8.2.0/../../../../riscv-none-embed/lib/rv32imacxw/ilp32\libnosys.a(read.o)

.debug_loc      0x0000000000000000     0x2f73
 .debug_loc     0x0000000000000000       0x90 ./User/main.o
 .debug_loc     0x0000000000000090       0x1f ./User/system_ch32x035.o
 .debug_loc     0x00000000000000af       0x6e ./Peripheral/src/ch32x035_dbgmcu.o
 .debug_loc     0x000000000000011d      0x863 ./Peripheral/src/ch32x035_gpio.o
 .debug_loc     0x0000000000000980       0x2d ./Peripheral/src/ch32x035_misc.o
 .debug_loc     0x00000000000009ad      0x34e ./Peripheral/src/ch32x035_rcc.o
 .debug_loc     0x0000000000000cfb     0x19ec ./Peripheral/src/ch32x035_tim.o
 .debug_loc     0x00000000000026e7      0x715 ./Peripheral/src/ch32x035_usart.o
 .debug_loc     0x0000000000002dfc      0x177 ./Debug/debug.o

.stab           0x0000000000000000       0x84
 .stab          0x0000000000000000       0x24 c:/mounriver/mounriver_studio/toolchain/risc-v embedded gcc/bin/../lib/gcc/riscv-none-embed/8.2.0/../../../../riscv-none-embed/lib/rv32imacxw/ilp32\libnosys.a(close.o)
 .stab          0x0000000000000024       0x18 c:/mounriver/mounriver_studio/toolchain/risc-v embedded gcc/bin/../lib/gcc/riscv-none-embed/8.2.0/../../../../riscv-none-embed/lib/rv32imacxw/ilp32\libnosys.a(fstat.o)
                                         0x24 (size before relaxing)
 .stab          0x000000000000003c       0x18 c:/mounriver/mounriver_studio/toolchain/risc-v embedded gcc/bin/../lib/gcc/riscv-none-embed/8.2.0/../../../../riscv-none-embed/lib/rv32imacxw/ilp32\libnosys.a(isatty.o)
                                         0x24 (size before relaxing)
 .stab          0x0000000000000054       0x18 c:/mounriver/mounriver_studio/toolchain/risc-v embedded gcc/bin/../lib/gcc/riscv-none-embed/8.2.0/../../../../riscv-none-embed/lib/rv32imacxw/ilp32\libnosys.a(lseek.o)
                                         0x24 (size before relaxing)
 .stab          0x000000000000006c       0x18 c:/mounriver/mounriver_studio/toolchain/risc-v embedded gcc/bin/../lib/gcc/riscv-none-embed/8.2.0/../../../../riscv-none-embed/lib/rv32imacxw/ilp32\libnosys.a(read.o)
                                         0x24 (size before relaxing)

.stabstr        0x0000000000000000      0x117
 .stabstr       0x0000000000000000      0x117 c:/mounriver/mounriver_studio/toolchain/risc-v embedded gcc/bin/../lib/gcc/riscv-none-embed/8.2.0/../../../../riscv-none-embed/lib/rv32imacxw/ilp32\libnosys.a(close.o)
